 quickman

 Timestamp is 57628bcd (Thu Jun 16 04:21:49 2016)

 Preferred load address is 00400000

 Start         Length     Name                   Class
 0001:00000000 0001d6f3H .textbss                DATA
 0002:00000000 000093eaH .text                   CODE
 0002:000093f0 00035711H .text$mn                CODE
 0003:00000000 00000104H .CRT$XCA                DATA
 0003:00000104 00000104H .CRT$XCZ                DATA
 0003:00000208 00000104H .CRT$XIA                DATA
 0003:0000030c 00000118H .CRT$XIC                DATA
 0003:00000424 00000104H .CRT$XIY                DATA
 0003:00000528 00000104H .CRT$XIZ                DATA
 0003:0000062c 00000104H .CRT$XPA                DATA
 0003:00000730 00000109H .CRT$XPX                DATA
 0003:0000083c 00000104H .CRT$XPXA               DATA
 0003:00000940 00000104H .CRT$XPZ                DATA
 0003:00000a44 00000104H .CRT$XTA                DATA
 0003:00000b48 00000104H .CRT$XTZ                DATA
 0003:00000c50 0000ab0eH .rdata                  DATA
 0003:0000b760 00000190H .rdata$debug            DATA
 0003:0000b8f0 00000104H .rtc$IAA                DATA
 0003:0000b9f4 00000104H .rtc$IZZ                DATA
 0003:0000baf8 00000104H .rtc$TAA                DATA
 0003:0000bbfc 00000104H .rtc$TZZ                DATA
 0003:0000bd00 000008d5H .xdata$x                DATA
 0003:0000c5d5 00000000H .edata                  DATA
 0004:00000000 0000737bH .data                   DATA
 0004:00007380 00066d7cH .bss                    DATA
 0005:00000000 00000374H .idata$5                DATA
 0005:00000374 00000064H .idata$2                DATA
 0005:000003d8 00000014H .idata$3                DATA
 0005:000003ec 00000374H .idata$4                DATA
 0005:00000760 00000bb9H .idata$6                DATA
 0006:00000000 00000473H .rsrc$01                DATA
 0006:00000480 0000170cH .rsrc$02                DATA

  Address         Publics by Value              Rva+Base       Lib:Object

 0000:00000000       ___guard_fids_count        00000000     <absolute>
 0000:00000000       ___safe_se_handler_table   00000000     <absolute>
 0000:00000000       ___guard_flags             00000000     <absolute>
 0000:00000000       ___guard_fids_table        00000000     <absolute>
 0000:00000000       __except_list              00000000     <absolute>
 0000:00000000       ___safe_se_handler_count   00000000     <absolute>
 0000:00000000       ___ImageBase               00400000     <linker-defined>
 0001:00000000       __enc$textbss$begin        00401000     <linker-defined>
 0001:0001d6f3       __enc$textbss$end          0041e6f3     <linker-defined>
 0002:000029a9       _png_write_info_before_PLTE 004219a9 f   libpng_writeonly_min:pngwrite.obj
 0002:000029f7       _png_write_info            004219f7 f   libpng_writeonly_min:pngwrite.obj
 0002:00002a5b       _png_write_end             00421a5b f   libpng_writeonly_min:pngwrite.obj
 0002:00002a7e       _png_create_write_struct   00421a7e f   libpng_writeonly_min:pngwrite.obj
 0002:00002c02       _png_write_init_3          00421c02 f   libpng_writeonly_min:pngwrite.obj
 0002:00002cbb       _png_write_row             00421cbb f   libpng_writeonly_min:pngwrite.obj
 0002:00002d96       _png_set_flush             00421d96 f   libpng_writeonly_min:pngwrite.obj
 0002:00002daf       _png_write_flush           00421daf f   libpng_writeonly_min:pngwrite.obj
 0002:00002e56       _png_write_destroy         00421e56 f   libpng_writeonly_min:pngwrite.obj
 0002:00002ed0       _png_set_filter            00421ed0 f   libpng_writeonly_min:pngwrite.obj
 0002:00002f05       _png_set_compression_level 00421f05 f   libpng_writeonly_min:pngwrite.obj
 0002:00002f1c       _png_set_compression_mem_level 00421f1c f   libpng_writeonly_min:pngwrite.obj
 0002:00002f33       _png_set_compression_strategy 00421f33 f   libpng_writeonly_min:pngwrite.obj
 0002:00002f4a       _png_set_compression_window_bits 00421f4a f   libpng_writeonly_min:pngwrite.obj
 0002:00002f69       _png_set_compression_method 00421f69 f   libpng_writeonly_min:pngwrite.obj
 0002:00002f80       _png_set_write_status_fn   00421f80 f   libpng_writeonly_min:pngwrite.obj
 0002:00002f93       _png_write_init_2          00421f93 f   libpng_writeonly_min:pngwrite.obj
 0002:00003023       _png_write_rows            00422023 f   libpng_writeonly_min:pngwrite.obj
 0002:0000304e       _png_write_image           0042204e f   libpng_writeonly_min:pngwrite.obj
 0002:00003081       _png_destroy_write_struct  00422081 f   libpng_writeonly_min:pngwrite.obj
 0002:000030da       _png_write_init            004220da f   libpng_writeonly_min:pngwrite.obj
 0002:000032c1       _png_zalloc                004222c1 f   libpng_writeonly_min:png.obj
 0002:000032fd       _png_zfree                 004222fd f   libpng_writeonly_min:png.obj
 0002:00003302       _png_reset_crc             00422302 f   libpng_writeonly_min:png.obj
 0002:0000331a       _png_calculate_crc         0042231a f   libpng_writeonly_min:png.obj
 0002:0000335b       _png_info_init_3           0042235b f   libpng_writeonly_min:png.obj
 0002:0000338d       _png_data_freer            0042238d f   libpng_writeonly_min:png.obj
 0002:000033bb       _png_free_data             004223bb f   libpng_writeonly_min:png.obj
 0002:0000342a       _png_info_destroy          0042242a f   libpng_writeonly_min:png.obj
 0002:0000344e       _png_get_io_ptr            0042244e f   libpng_writeonly_min:png.obj
 0002:0000345b       _png_init_io               0042245b f   libpng_writeonly_min:png.obj
 0002:0000346b       _png_convert_to_rfc1123    0042246b f   libpng_writeonly_min:png.obj
 0002:000034fd       _png_get_copyright         004224fd f   libpng_writeonly_min:png.obj
 0002:00003503       _png_get_libpng_ver        00422503 f   libpng_writeonly_min:png.obj
 0002:00003509       _png_get_header_ver        00422509 f   libpng_writeonly_min:png.obj
 0002:0000350f       _png_get_header_version    0042250f f   libpng_writeonly_min:png.obj
 0002:00003515       _png_reset_zstream         00422515 f   libpng_writeonly_min:png.obj
 0002:0000352c       _png_access_version_number 0042252c f   libpng_writeonly_min:png.obj
 0002:00003532       _png_create_info_struct    00422532 f   libpng_writeonly_min:png.obj
 0002:00003560       _png_destroy_info_struct   00422560 f   libpng_writeonly_min:png.obj
 0002:00003590       _png_info_init             00422590 f   libpng_writeonly_min:png.obj
 0002:00003656       _png_set_IHDR              00422656 f   libpng_writeonly_min:pngset.obj
 0002:000037c7       _png_set_PLTE              004227c7 f   libpng_writeonly_min:pngset.obj
 0002:00003866       _png_set_tRNS              00422866 f   libpng_writeonly_min:pngset.obj
 0002:000038fc       _png_set_compression_buffer_size 004228fc f   libpng_writeonly_min:pngset.obj
 0002:00003939       _png_set_invalid           00422939 f   libpng_writeonly_min:pngset.obj
 0002:00003952       _png_set_user_limits       00422952 f   libpng_writeonly_min:pngset.obj
 0002:00003a35       _png_set_bgr               00422a35 f   libpng_writeonly_min:pngtrans.obj
 0002:00003a42       _png_set_swap              00422a42 f   libpng_writeonly_min:pngtrans.obj
 0002:00003a58       _png_do_swap               00422a58 f   libpng_writeonly_min:pngtrans.obj
 0002:00003a85       _png_do_bgr                00422a85 f   libpng_writeonly_min:pngtrans.obj
 0002:00003b44       _png_get_user_transform_ptr 00422b44 f   libpng_writeonly_min:pngtrans.obj
 0002:00003b8b       _png_save_uint_32          00422b8b f   libpng_writeonly_min:pngwutil.obj
 0002:00003bae       _png_save_int_32           00422bae f   libpng_writeonly_min:pngwutil.obj
 0002:00003bd1       _png_save_uint_16          00422bd1 f   libpng_writeonly_min:pngwutil.obj
 0002:00003be4       _png_write_sig             00422be4 f   libpng_writeonly_min:pngwutil.obj
 0002:00003c3b       _png_write_chunk_start     00422c3b f   libpng_writeonly_min:pngwutil.obj
 0002:00003c87       _png_write_chunk_data      00422c87 f   libpng_writeonly_min:pngwutil.obj
 0002:00003cb4       _png_write_chunk_end       00422cb4 f   libpng_writeonly_min:pngwutil.obj
 0002:00003ce0       _png_write_PLTE            00422ce0 f   libpng_writeonly_min:pngwutil.obj
 0002:00003d81       _png_write_start_row       00422d81 f   libpng_writeonly_min:pngwutil.obj
 0002:00003df8       _png_write_chunk           00422df8 f   libpng_writeonly_min:pngwutil.obj
 0002:00003e27       _png_write_IHDR            00422e27 f   libpng_writeonly_min:pngwutil.obj
 0002:000040d2       _png_write_IDAT            004230d2 f   libpng_writeonly_min:pngwutil.obj
 0002:000041da       _png_write_IEND            004231da f   libpng_writeonly_min:pngwutil.obj
 0002:0000420e       _png_write_tRNS            0042320e f   libpng_writeonly_min:pngwutil.obj
 0002:000042f7       _png_write_finish_row      004232f7 f   libpng_writeonly_min:pngwutil.obj
 0002:0000438b       _png_write_filtered_row    0042338b f   libpng_writeonly_min:pngwutil.obj
 0002:0000442c       _png_write_find_filter     0042342c f   libpng_writeonly_min:pngwutil.obj
 0002:0000467f       _png_set_error_fn          0042367f f   libpng_writeonly_min:pngerror.obj
 0002:0000469d       _png_get_error_ptr         0042369d f   libpng_writeonly_min:pngerror.obj
 0002:000046aa       _png_err                   004236aa f   libpng_writeonly_min:pngerror.obj
 0002:000046e1       _png_write_data            004236e1 f   libpng_writeonly_min:pngwio.obj
 0002:00004703       _png_default_write_data    00423703 f   libpng_writeonly_min:pngwio.obj
 0002:00004730       _png_flush                 00423730 f   libpng_writeonly_min:pngwio.obj
 0002:00004743       _png_default_flush         00423743 f   libpng_writeonly_min:pngwio.obj
 0002:0000475a       _png_set_write_fn          0042375a f   libpng_writeonly_min:pngwio.obj
 0002:000047d2       _png_create_struct         004237d2 f   libpng_writeonly_min:pngmem.obj
 0002:0000480e       _png_destroy_struct        0042380e f   libpng_writeonly_min:pngmem.obj
 0002:0000481b       _png_malloc                0042381b f   libpng_writeonly_min:pngmem.obj
 0002:00004855       _png_free                  00423855 f   libpng_writeonly_min:pngmem.obj
 0002:0000486e       _png_malloc_warn           0042386e f   libpng_writeonly_min:pngmem.obj
 0002:0000489b       _png_memcpy_check          0042389b f   libpng_writeonly_min:pngmem.obj
 0002:000048b0       _png_memset_check          004238b0 f   libpng_writeonly_min:pngmem.obj
 0002:00004901       _png_do_write_transformations 00423901 f   libpng_writeonly_min:pngwtran.obj
 0002:00004954       _deflateSetDictionary      00423954 f   libpng_writeonly_min:deflate.obj
 0002:00004a51       _deflateSetHeader          00423a51 f   libpng_writeonly_min:deflate.obj
 0002:00004a74       _deflatePrime              00423a74 f   libpng_writeonly_min:deflate.obj
 0002:00004aaa       _deflateTune               00423aaa f   libpng_writeonly_min:deflate.obj
 0002:00004ae5       _deflateBound              00423ae5 f   libpng_writeonly_min:deflate.obj
 0002:00004b8d       _deflate                   00423b8d f   libpng_writeonly_min:deflate.obj
 0002:000052fc       _deflateEnd                004242fc f   libpng_writeonly_min:deflate.obj
 0002:000053a9       _deflateCopy               004243a9 f   libpng_writeonly_min:deflate.obj
 0002:00006092       _deflateReset              00425092 f   libpng_writeonly_min:deflate.obj
 0002:00006119       _deflateParams             00425119 f   libpng_writeonly_min:deflate.obj
 0002:000061ca       _deflateInit2_             004251ca f   libpng_writeonly_min:deflate.obj
 0002:0000639a       _deflateInit_              0042539a f   libpng_writeonly_min:deflate.obj
 0002:00006a54       _get_crc_table             00425a54 f   libpng_writeonly_min:crc32.obj
 0002:00006f73       _crc32_combine             00425f73 f   libpng_writeonly_min:crc32.obj
 0002:0000701d       _crc32                     0042601d f   libpng_writeonly_min:crc32.obj
 0002:000071af       _inflate                   004261af f   libpng_writeonly_min:dummy_inflate.obj
 0002:000071b2       _inflateReset              004261b2 f   libpng_writeonly_min:dummy_inflate.obj
 0002:000071b5       _inflateEnd                004261b5 f   libpng_writeonly_min:dummy_inflate.obj
 0002:000071b9       _inflateInit_              004261b9 f   libpng_writeonly_min:dummy_inflate.obj
 0002:000071bc       _inflateInit2_             004261bc f   libpng_writeonly_min:dummy_inflate.obj
 0002:000071c4       _adler32                   004261c4 f   libpng_writeonly_min:adler32.obj
 0002:000073e4       _adler32_combine           004263e4 f   libpng_writeonly_min:adler32.obj
 0002:000074f5       _compress2                 004264f5 f   libpng_writeonly_min:compress.obj
 0002:0000757b       _compress                  0042657b f   libpng_writeonly_min:compress.obj
 0002:00007596       _compressBound             00426596 f   libpng_writeonly_min:compress.obj
 0002:00008030       __tr_tally                 00427030 f   libpng_writeonly_min:trees.obj
 0002:00008613       __tr_init                  00427613 f   libpng_writeonly_min:trees.obj
 0002:00008921       __tr_stored_block          00427921 f   libpng_writeonly_min:trees.obj
 0002:000089ac       __tr_align                 004279ac f   libpng_writeonly_min:trees.obj
 0002:00008b73       __tr_flush_block           00427b73 f   libpng_writeonly_min:trees.obj
 0002:0000933a       _zlibVersion               0042833a f   libpng_writeonly_min:zutil.obj
 0002:00009340       _zlibCompileFlags          00428340 f   libpng_writeonly_min:zutil.obj
 0002:00009344       _zError                    00428344 f   libpng_writeonly_min:zutil.obj
 0002:00009355       _zcalloc                   00428355 f   libpng_writeonly_min:zutil.obj
 0002:00009366       _zcfree                    00428366 f   libpng_writeonly_min:zutil.obj
 0002:000093f0       _png_error                 004283f0 f   imagesave.obj
 0002:00009420       _png_save_end              00428420 f   imagesave.obj
 0002:000094c0       _png_save_start            004284c0 f   imagesave.obj
 0002:00009650       _png_save_write_row        00428650 f   imagesave.obj
 0002:000096d0       _apply_palette             004286d0 f   palettes.obj
 0002:00009a40       _apply_palette_threaded@4  00428a40 f   palettes.obj
 0002:00009e10       _get_normalized_color      00428e10 f   palettes.obj
 0002:00009f40       _get_normalized_color_nolookup 00428f40 f   palettes.obj
 0002:0000a060       _get_palette_rgb_val       00429060 f   palettes.obj
 0002:0000a140       _get_unsigned              00429140 f   palettes.obj
 0002:0000a2b0       _init_palettes             004292b0 f   palettes.obj
 0002:0000a4a0       _load_palette              004294a0 f   palettes.obj
 0002:0000a660       _load_palette_from_bmp     00429660 f   palettes.obj
 0002:0000a840       _realloc_user_palette      00429840 f   palettes.obj
 0002:0000af50       _MainWndProc@16            00429f50 f   quickman.obj
 0002:0000c210       _WinMain@16                0042b210 f   quickman.obj
 0002:0000c540       _add_user_palettes_and_logfiles 0042b540 f   quickman.obj
 0002:0000c650       _alloc_man_mem             0042b650 f   quickman.obj
 0002:0000c840       _autoreset_settings        0042b840 f   quickman.obj
 0002:0000c8c0       _check_alg                 0042b8c0 f   quickman.obj
 0002:0000ca60       _check_precision_loss      0042ba60 f   quickman.obj
 0002:0000cc10       _confine_mouse_cursor      0042bc10 f   quickman.obj
 0002:0000ccd0       _copy_changed_settings     0042bcd0 f   quickman.obj
 0002:0000cd70       _create_bitmap             0042bd70 f   quickman.obj
 0002:0000d070       _do_man_calculate          0042c070 f   quickman.obj
 0002:0000d210       _do_panning                0042c210 f   quickman.obj
 0002:0000d320       _do_recalc                 0042c320 f   quickman.obj
 0002:0000d360       _do_save@4                 0042c360 f   quickman.obj
 0002:0000da90       _do_zooming                0042ca90 f   quickman.obj
 0002:0000de10       _fancy_intro               0042ce10 f   quickman.obj
 0002:0000df20       _free_man_mem              0042cf20 f   quickman.obj
 0002:0000dfd0       _get_alg                   0042cfd0 f   quickman.obj
 0002:0000e030       _get_builtin_palette       0042d030 f   quickman.obj
 0002:0000e0c0       _get_cpu_info              0042d0c0 f   quickman.obj
 0002:0000e280       _get_dialog_fields         0042d280 f   quickman.obj
 0002:0000e330       _get_image_info            0042d330 f   quickman.obj
 0002:0000e9f0       _get_keys_pressed          0042d9f0 f   quickman.obj
 0002:0000ea70       _get_mouse_re_im           0042da70 f   quickman.obj
 0002:0000eb30       _get_num_threads           0042db30 f   quickman.obj
 0002:0000ebb0       _get_pan_steps             0042dbb0 f   quickman.obj
 0002:0000f150       _get_precision             0042e150 f   quickman.obj
 0002:0000f1b0       _get_re_im_offs            0042e1b0 f   quickman.obj
 0002:0000f210       _get_rendering_alg         0042e210 f   quickman.obj
 0002:0000f270       _get_seconds_elapsed       0042e270 f   quickman.obj
 0002:0000f2d0       _get_string_index          0042e2d0 f   quickman.obj
 0002:0000f340       _get_system_metrics        0042e340 f   quickman.obj
 0002:0000f3f0       _get_timer                 0042e3f0 f   quickman.obj
 0002:0000f410       _get_user_palette          0042e410 f   quickman.obj
 0002:0000f560       _init_combo_box            0042e560 f   quickman.obj
 0002:0000f5e0       _init_man                  0042e5e0 f   quickman.obj
 0002:0000f950       _intersect_rect            0042e950 f   quickman.obj
 0002:0000fbc0       _invalidate_settings       0042ebc0 f   quickman.obj
 0002:00010660       _log_get                   0042f660 f   quickman.obj
 0002:00010790       _log_read                  0042f790 f   quickman.obj
 0002:00010930       _log_read_entry            0042f930 f   quickman.obj
 0002:00010e00       _log_update                0042fe00 f   quickman.obj
 0002:00011040       _man_calculate             00430040 f   quickman.obj
 0002:000115a0       _man_calculate_quadrants   004305a0 f   quickman.obj
 0002:000118a0       _man_calculate_threaded@4  004308a0 f   quickman.obj
 0002:00011f60       _man_dialog_proc@16        00430f60 f   quickman.obj
 0002:00013010       _man_setup                 00432010 f   quickman.obj
 0002:000134a0       _not_implemented_yet       004324a0 f   quickman.obj
 0002:000134d0       _open_file                 004324d0 f   quickman.obj
 0002:00013590       _pan_image                 00432590 f   quickman.obj
 0002:00013cb0       _print_fps_status_line     00432cb0 f   quickman.obj
 0002:00013dd0       _print_palette_status      00432dd0 f   quickman.obj
 0002:00013e60       _print_status_line         00432e60 f   quickman.obj
 0002:00014000       _read_cfg_file             00433000 f   quickman.obj
 0002:00014100       _reset_fps_values          00433100 f   quickman.obj
 0002:00014180       _reset_pan_state           00433180 f   quickman.obj
 0002:000141f0       _reset_quadrants           004331f0 f   quickman.obj
 0002:00014560       _reset_thread_load_counters 00433560 f   quickman.obj
 0002:000145d0       _resize_window             004335d0 f   quickman.obj
 0002:000146d0       _set_alg_warning           004336d0 f   quickman.obj
 0002:00014760       _set_home_image            00433760 f   quickman.obj
 0002:00014820       _set_slider_pos            00433820 f   quickman.obj
 0002:00014880       _setup_sliders             00433880 f   quickman.obj
 0002:000148d0       _show_help@4               004338d0 f   quickman.obj
 0002:00014920       _striped_blit              00433920 f   quickman.obj
 0002:00014ad0       _swap_quadrants            00433ad0 f   quickman.obj
 0002:00014b30       _toggle_fullscreen         00433b30 f   quickman.obj
 0002:00014c70       _unrecommended_alg         00433c70 f   quickman.obj
 0002:00014ca0       _unsupported_alg_prec      00433ca0 f   quickman.obj
 0002:00014cd0       _update_benchmarks         00433cd0 f   quickman.obj
 0002:00014e90       _update_dialog             00433e90 f   quickman.obj
 0002:00014fc0       _update_iters              00433fc0 f   quickman.obj
 0002:00015090       _update_re_im              00434090 f   quickman.obj
 0002:00015160       _update_re_im_mag          00434160 f   quickman.obj
 0002:0001530a       _timeGetTime@0             0043430a f   winmm:WINMM.dll
 0002:00015310       _timeBeginPeriod@4         00434310 f   winmm:WINMM.dll
 0002:00015316       _timeEndPeriod@4           00434316 f   winmm:WINMM.dll
 0002:0001531c       _InitCommonControls@0      0043431c f   comctl32:COMCTL32.dll
 0002:00015322       _SetEvent@4                00434322 f   Kernel32:KERNEL32.dll
 0002:00015328       _CreateEventA@16           00434328 f   Kernel32:KERNEL32.dll
 0002:0001532e       _QueueUserWorkItem@12      0043432e f   Kernel32:KERNEL32.dll
 0002:00015334       _WaitForMultipleObjects@16 00434334 f   Kernel32:KERNEL32.dll
 0002:0001533a       _Sleep@4                   0043433a f   Kernel32:KERNEL32.dll
 0002:00015340       _GetSystemInfo@4           00434340 f   Kernel32:KERNEL32.dll
 0002:00015346       __fclose_nolock            00434346 f   libcmt:fclose.obj
 0002:000153cd       _fclose                    004343cd f   libcmt:fclose.obj
 0002:00015461       __fsopen                   00434461 f   libcmt:fopen.obj
 0002:00015556       _fopen                     00434556 f   libcmt:fopen.obj
 0002:00015570       _fopen_s                   00434570 f   libcmt:fopen.obj
 0002:000155d0       __setjmp3                  004345d0 f   libcmt:setjmp3.obj
 0002:00015669       _feof                      00434669 f   libcmt:feoferr.obj
 0002:00015698       _ferror                    00434698 f   libcmt:feoferr.obj
 0002:000156c7       _fgets                     004346c7 f   libcmt:fgets.obj
 0002:00015855       __fread_nolock             00434855 f   libcmt:fread.obj
 0002:00015876       __fread_nolock_s           00434876 f   libcmt:fread.obj
 0002:00015aac       _fread                     00434aac f   libcmt:fread.obj
 0002:00015acd       _fread_s                   00434acd f   libcmt:fread.obj
 0002:00015b82       __fseek_nolock             00434b82 f   libcmt:fseek.obj
 0002:00015c34       _fseek                     00434c34 f   libcmt:fseek.obj
 0002:00015cd7       _free                      00434cd7 f   libcmt:free.obj
 0002:00015d1d       __heap_alloc               00434d1d f i libcmt:malloc.obj
 0002:00015d69       _malloc                    00434d69 f   libcmt:malloc.obj
 0002:00015e20       _log                       00434e20 f   libcmt:log.obj
 0002:00015e60       __CIlog                    00434e60 f   libcmt:log.obj
 0002:00015e9b       __CIlog_default            00434e9b f   libcmt:log.obj
 0002:00015eaf       __log_default              00434eaf     libcmt:log.obj
 0002:00015fd0       __ftoui3                   00434fd0 f   libcmt:ftol3.obj
 0002:00015fdf       __ftoul3                   00434fdf f   libcmt:ftol3.obj
 0002:00015fee       __ftol3                    00434fee f   libcmt:ftol3.obj
 0002:00015ffb       __ftol3_NaN                00434ffb f   libcmt:ftol3.obj
 0002:00016013       __ftol3_work               00435013 f   libcmt:ftol3.obj
 0002:00016099       __ftol3_common             00435099 f   libcmt:ftol3.obj
 0002:0001615b       __ftol3_arg_error          0043515b f   libcmt:ftol3.obj
 0002:0001616d       __ftol3_except             0043516d f   libcmt:ftol3.obj
 0002:000161b1       __dtoui3                   004351b1 f   libcmt:ftol3.obj
 0002:000161c0       __dtoul3                   004351c0 f   libcmt:ftol3.obj
 0002:000161cf       __dtol3                    004351cf f   libcmt:ftol3.obj
 0002:000161dc       __dtol3_NaN                004351dc f   libcmt:ftol3.obj
 0002:000161f9       __dtol3_work               004351f9 f   libcmt:ftol3.obj
 0002:000162de       __ultod3                   004352de f   libcmt:ftol3.obj
 0002:0001636f       __ltod3                    0043536f f   libcmt:ftol3.obj
 0002:00016490       __fpmath                   00435490 f   libcmt:fpinit.obj
 0002:000164ac       ___setfflag                004354ac f   libcmt:fpinit.obj
 0002:000164c3       __cfltcvt_init             004354c3 f   libcmt:fpinit.obj
 0002:00016540       _memset                    00435540 f   libcmt:memset.obj
 0002:000165f4       _strcat_s                  004355f4 f   libcmt:strcat_s.obj
 0002:00016670       _strcmp                    00435670 f   libcmt:strcmp.obj
 0002:00016720       _strlen                    00435720 f   libcmt:strlen.obj
 0002:000167cd       ??0_LocaleUpdate@@QAE@PAUlocaleinfo_struct@@@Z 004357cd f i libcmt:strnicmp.obj
 0002:00016877       ??1_LocaleUpdate@@QAE@XZ   00435877 f i libcmt:strnicmp.obj
 0002:00016888       ?GetLocaleT@_LocaleUpdate@@QAEPAUlocaleinfo_struct@@XZ 00435888 f i libcmt:strnicmp.obj
 0002:0001688b       __strnicmp                 0043588b f   libcmt:strnicmp.obj
 0002:00016910       __strnicmp_l               00435910 f   libcmt:strnicmp.obj
 0002:000169ed       _fputs                     004359ed f   libcmt:fputs.obj
 0002:00016b39       __scprintf                 00435b39 f   libcmt:sprintf.obj
 0002:00016b50       __scprintf_l               00435b50 f   libcmt:sprintf.obj
 0002:00016b6c       __scprintf_p               00435b6c f   libcmt:sprintf.obj
 0002:00016b83       __scprintf_p_l             00435b83 f   libcmt:sprintf.obj
 0002:00016b9f       __snprintf_s               00435b9f f   libcmt:sprintf.obj
 0002:00016bc5       __snprintf_s_l             00435bc5 f   libcmt:sprintf.obj
 0002:00016bed       __sprintf_l                00435bed f   libcmt:sprintf.obj
 0002:00016c0d       __sprintf_p                00435c0d f   libcmt:sprintf.obj
 0002:00016c30       __sprintf_p_l              00435c30 f   libcmt:sprintf.obj
 0002:00016c54       __sprintf_s_l              00435c54 f   libcmt:sprintf.obj
 0002:00016c78       _sprintf                   00435c78 f   libcmt:sprintf.obj
 0002:00016d1d       _sprintf_s                 00435d1d f   libcmt:sprintf.obj
 0002:00016d40       __abs64                    00435d40 f   libcmt:abs.obj
 0002:00016d5e       _abs                       00435d5e f   libcmt:abs.obj
 0002:00016d6e       ___STRINGTOLD              00435d6e f   libcmt:atof.obj
 0002:00016db5       ___strgtold12              00435db5 f   libcmt:atof.obj
 0002:00016e07       __atof_l                   00435e07 f   libcmt:atof.obj
 0002:00016ecc       _atof                      00435ecc f   libcmt:atof.obj
 0002:00016ef0       __allshl                   00435ef0 f   libcmt:llshl.obj
 0002:00016f16       _WinMainCRTStartup         00435f16 f   libcmt:wincrt0.obj
 0002:0001714d       __set_abort_behavior       0043614d f   libcmt:abort.obj
 0002:00017173       _abort                     00436173 f   libcmt:abort.obj
 0002:000171c6       __snprintf                 004361c6 f   libcmt:snprintf.obj
 0002:0001729d       __snprintf_l               0043629d f   libcmt:snprintf.obj
 0002:000172d0       _memcpy                    004362d0 f   libcmt:memcpy.obj
 0002:00017ab0       _longjmp                   00436ab0 f   libcmt:longjmp.obj
 0002:00017b8d       __fwrite_nolock            00436b8d f   libcmt:fwrite.obj
 0002:00017d3c       _fwrite                    00436d3c f   libcmt:fwrite.obj
 0002:00017dde       __fflush_nolock            00436dde f   libcmt:fflush.obj
 0002:00017e35       __flush                    00436e35 f   libcmt:fflush.obj
 0002:00017eb2       __flushall                 00436eb2 f   libcmt:fflush.obj
 0002:00017ebd       _fflush                    00436ebd f   libcmt:fflush.obj
 0002:00018049       ?_invalid_parameter@@YAXPBG00II@Z 00437049 f   libcmt:invarg.obj
 0002:0001804e       ?_invoke_watson@@YAXPBG00II@Z 0043704e f   libcmt:invarg.obj
 0002:0001806c       __call_reportfault         0043706c f   libcmt:invarg.obj
 0002:000181da       __get_invalid_parameter_handler 004371da f   libcmt:invarg.obj
 0002:000181ea       __initp_misc_invarg        004371ea f   libcmt:invarg.obj
 0002:000181fa       __invalid_parameter        004371fa f   libcmt:invarg.obj
 0002:0001822f       __invalid_parameter_noinfo 0043722f f   libcmt:invarg.obj
 0002:00018243       __invalid_parameter_noinfo_noreturn 00437243 f   libcmt:invarg.obj
 0002:00018264       __invoke_watson            00437264 f   libcmt:invarg.obj
 0002:00018299       __set_invalid_parameter_handler 00437299 f   libcmt:invarg.obj
 0002:000182c7       __fileno                   004372c7 f   libcmt:fileno.obj
 0002:000182f4       ___initstdio               004372f4 f   libcmt:_file.obj
 0002:00018383       ___endstdio                00437383 f   libcmt:_file.obj
 0002:000183b3       ___iob_func                004373b3 f   libcmt:_file.obj
 0002:000183b9       __lock_file                004373b9 f   libcmt:_file.obj
 0002:00018407       __lock_file2               00437407 f   libcmt:_file.obj
 0002:00018443       __unlock_file              00437443 f   libcmt:_file.obj
 0002:0001848b       __unlock_file2             0043748b f   libcmt:_file.obj
 0002:000184c3       __close                    004374c3 f   libcmt:close.obj
 0002:000185d4       __close_nolock             004375d4 f   libcmt:close.obj
 0002:00018694       ___doserrno                00437694 f   libcmt:dosmap.obj
 0002:000186ab       __dosmaperr                004376ab f   libcmt:dosmap.obj
 0002:000186d4       __errno                    004376d4 f   libcmt:dosmap.obj
 0002:000186eb       __get_doserrno             004376eb f   libcmt:dosmap.obj
 0002:00018716       __get_errno                00437716 f   libcmt:dosmap.obj
 0002:00018741       __get_errno_from_oserr     00437741 f   libcmt:dosmap.obj
 0002:00018792       __set_doserrno             00437792 f   libcmt:dosmap.obj
 0002:000187b8       __set_errno                004377b8 f   libcmt:dosmap.obj
 0002:000187de       __freebuf                  004377de f   libcmt:_freebuf.obj
 0002:00018820       __SEH_prolog4              00437820 f   libcmt:sehprolg4.obj
 0002:00018865       __SEH_epilog4              00437865 f   libcmt:sehprolg4.obj
 0002:000188d0       __except_handler4          004378d0 f   libcmt:chandler4.obj
 0002:00018ac9       __getstream                00437ac9 f   libcmt:stream.obj
 0002:00018c2f       __openfile                 00437c2f f   libcmt:_open.obj
 0002:00018f50       __local_unwind4            00437f50 f   libcmt:exsup4.obj
 0002:00019026       __seh_longjmp_unwind4@4    00438026 f   libcmt:exsup4.obj
 0002:00019042       @_EH4_CallFilterFunc@8     00438042 f   libcmt:exsup4.obj
 0002:00019059       @_EH4_TransferToHandler@8  00438059 f   libcmt:exsup4.obj
 0002:00019072       @_EH4_GlobalUnwind2@8      00438072 f   libcmt:exsup4.obj
 0002:0001908b       @_EH4_LocalUnwind@16       0043808b f   libcmt:exsup4.obj
 0002:00019100       __global_unwind2           00438100 f   libcmt:exsup.obj
 0002:00019165       __local_unwind2            00438165 f   libcmt:exsup.obj
 0002:000191e9       __abnormal_termination     004381e9 f   libcmt:exsup.obj
 0002:0001920c       __NLG_Notify1              0043820c f   libcmt:exsup.obj
 0002:00019215       __NLG_Notify               00438215 f   libcmt:exsup.obj
 0002:0001922c       __NLG_Dispatch2            0043822c     libcmt:exsup.obj
 0002:0001922c       __NLG_Dispatch             0043822c     libcmt:exsup.obj
 0002:00019234       __NLG_Call                 00438234 f   libcmt:exsup.obj
 0002:00019236       __NLG_Return2              00438236     libcmt:exsup.obj
 0002:00019284       __filbuf                   00438284 f   libcmt:_filbuf.obj
 0002:000193ed       __ioinit                   004383ed f   libcmt:ioinit.obj
 0002:0001974e       __ioterm                   0043874e f   libcmt:ioinit.obj
 0002:000197b4       _memcpy_s                  004387b4 f   libcmt:memcpy_s.obj
 0002:00019852       __read                     00438852 f   libcmt:read.obj
 0002:000199ab       __read_nolock              004389ab f   libcmt:read.obj
 0002:0001a320       __ftell_nolock             00439320 f   libcmt:ftell.obj
 0002:0001a794       _ftell                     00439794 f   libcmt:ftell.obj
 0002:0001a81b       __lseek                    0043981b f   libcmt:lseek.obj
 0002:0001a945       __lseek_nolock             00439945 f   libcmt:lseek.obj
 0002:0001aa15       __get_heap_handle          00439a15 f   libcmt:heapinit.obj
 0002:0001aa1b       __heap_init                00439a1b f   libcmt:heapinit.obj
 0002:0001aa35       __heap_term                00439a35 f   libcmt:heapinit.obj
 0002:0001aa3f       ?_query_new_handler@@YAP6AHI@ZXZ 00439a3f f   libcmt:handler.obj
 0002:0001aa4f       ?_set_new_handler@@YAP6AHI@ZH@Z 00439a4f f   libcmt:handler.obj
 0002:0001aa5a       ?_set_new_handler@@YAP6AHI@ZP6AHI@Z@Z 00439a5a f   libcmt:handler.obj
 0002:0001aa9c       __callnewh                 00439a9c f   libcmt:handler.obj
 0002:0001aacb       __initp_heap_handler       00439acb f   libcmt:handler.obj
 0002:0001aadb       ___copy_path_to_wide_string 00439adb f   libcmt:crt0dat.obj
 0002:0001abb9       ___copy_to_char            00439bb9 f   libcmt:crt0dat.obj
 0002:0001ac9b       ___crtCorExitProcess       00439c9b f   libcmt:crt0dat.obj
 0002:0001acdc       ___crtExitProcess          00439cdc f   libcmt:crt0dat.obj
 0002:0001acf7       ___freeCrtMemory           00439cf7 f   libcmt:crt0dat.obj
 0002:0001ae47       __amsg_exit                00439e47 f   libcmt:crt0dat.obj
 0002:0001ae6a       __c_exit                   00439e6a f   libcmt:crt0dat.obj
 0002:0001ae7c       __cexit                    00439e7c f   libcmt:crt0dat.obj
 0002:0001ae8e       __cinit                    00439e8e f   libcmt:crt0dat.obj
 0002:0001af33       __exit                     00439f33 f   libcmt:crt0dat.obj
 0002:0001af4c       __exit_app                 00439f4c f   libcmt:crt0dat.obj
 0002:0001af5d       __get_pgmptr               00439f5d f   libcmt:crt0dat.obj
 0002:0001af97       __get_wpgmptr              00439f97 f   libcmt:crt0dat.obj
 0002:0001afd1       __init_pointers            00439fd1 f   libcmt:crt0dat.obj
 0002:0001b05a       __initterm_e               0043a05a f   libcmt:crt0dat.obj
 0002:0001b084       __lockexit                 0043a084 f   libcmt:crt0dat.obj
 0002:0001b08f       __unlockexit               0043a08f f   libcmt:crt0dat.obj
 0002:0001b214       _exit                      0043a214 f   libcmt:crt0dat.obj
 0002:0001b22d       __FF_MSGBANNER             0043a22d f   libcmt:crt0msg.obj
 0002:0001b274       __GET_RTERRMSG             0043a274 f   libcmt:crt0msg.obj
 0002:0001b2a1       __NMSG_WRITE               0043a2a1 f   libcmt:crt0msg.obj
 0002:0001b4cd       __invoke_watson_if_error   0043a4cd f i libcmt:crt0msg.obj
 0002:0001b4f5       __sse2_mathfcns_init       0043a4f5 f   libcmt:mathfcns.obj
 0002:0001b507       __set_SSE2_enable          0043a507 f   libcmt:mathfcns.obj
 0002:0001b530       __CIlog_pentium4           0043a530 f   libcmt:log_pentium4.obj
 0002:0001b548       __log_pentium4             0043a548     libcmt:log_pentium4.obj
 0002:0001b851       __fFEXP                    0043a851     libcmt:87tran.obj
 0002:0001b8a8       __rtinfpopse               0043a8a8     libcmt:87tran.obj
 0002:0001b8aa       __rtinfnpopse              0043a8aa     libcmt:87tran.obj
 0002:0001b8ba       __fFLN                     0043a8ba     libcmt:87tran.obj
 0002:0001b96f       __rtinfpop                 0043a96f     libcmt:87tran.obj
 0002:0001b971       __rtinfnpop                0043a971     libcmt:87tran.obj
 0002:0001b98e       __ffexpm1                  0043a98e     libcmt:87tran.obj
 0002:0001bac0       __trandisp1                0043aac0 f   libcmt:87disp.obj
 0002:0001bb27       __trandisp2                0043ab27 f   libcmt:87disp.obj
 0002:0001bbb3       __rttospopde               0043abb3     libcmt:87disp.obj
 0002:0001bbb8       __rttospop                 0043abb8     libcmt:87disp.obj
 0002:0001bbba       __rtnospop                 0043abba     libcmt:87disp.obj
 0002:0001bbbc       __rttosnpop                0043abbc     libcmt:87disp.obj
 0002:0001bbbd       __rtnospopde               0043abbd     libcmt:87disp.obj
 0002:0001bbc4       __rtzeropop                0043abc4     libcmt:87disp.obj
 0002:0001bbc6       __rtzeronpop               0043abc6     libcmt:87disp.obj
 0002:0001bbcb       __rtonepop                 0043abcb     libcmt:87disp.obj
 0002:0001bbcd       __rtonenpop                0043abcd     libcmt:87disp.obj
 0002:0001bbd2       __tosnan1                  0043abd2     libcmt:87disp.obj
 0002:0001bbfd       __nosnan2                  0043abfd     libcmt:87disp.obj
 0002:0001bbff       __tosnan2                  0043abff     libcmt:87disp.obj
 0002:0001bc27       __nan2                     0043ac27     libcmt:87disp.obj
 0002:0001bc66       __rtindfpop                0043ac66     libcmt:87disp.obj
 0002:0001bc68       __rtindfnpop               0043ac68     libcmt:87disp.obj
 0002:0001bc79       __rttosnpopde              0043ac79     libcmt:87disp.obj
 0002:0001bc83       __rtchsifneg               0043ac83     libcmt:87disp.obj
 0002:0001bd00       __twoToTOS                 0043ad00 f   libcmt:common.obj
 0002:0001bd15       __load_CW                  0043ad15 f   libcmt:common.obj
 0002:0001bd2c       __convertTOStoQNaN         0043ad2c f   libcmt:common.obj
 0002:0001bd45       __fload_withFB             0043ad45 f   libcmt:common.obj
 0002:0001bd88       __checkTOS_withFB          0043ad88 f   libcmt:common.obj
 0002:0001bd9e       __fast_exit                0043ad9e f   libcmt:common.obj
 0002:0001bdab       __math_exit                0043adab f   libcmt:common.obj
 0002:0001bdd5       __check_overflow_exit      0043add5 f   libcmt:common.obj
 0002:0001bde9       __check_range_exit         0043ade9 f   libcmt:common.obj
 0002:0001bef0       __startTwoArgErrorHandling 0043aef0 f   libcmt:genexcep.obj
 0002:0001bf07       __startOneArgErrorHandling 0043af07 f   libcmt:genexcep.obj
 0002:0001bf57       __errcode                  0043af57 f   libcmt:fpexcept.obj
 0002:0001bf95       __except1                  0043af95 f   libcmt:fpexcept.obj
 0002:0001c08f       __except2                  0043b08f f   libcmt:fpexcept.obj
 0002:0001c1cf       __handle_exc               0043b1cf f   libcmt:fpexcept.obj
 0002:0001c424       __handle_qnan1             0043b424 f   libcmt:fpexcept.obj
 0002:0001c488       __handle_qnan2             0043b488 f   libcmt:fpexcept.obj
 0002:0001c500       __raise_exc                0043b500 f   libcmt:fpexcept.obj
 0002:0001c529       __raise_exc_ex             0043b529 f   libcmt:fpexcept.obj
 0002:0001c8c7       __raise_excf               0043b8c7 f   libcmt:fpexcept.obj
 0002:0001c8f0       __set_errno_from_matherr   0043b8f0 f   libcmt:fpexcept.obj
 0002:0001c928       __umatherr                 0043b928 f   libcmt:fpexcept.obj
 0002:0001c9f0       ?strrchr@@YAPADPADH@Z      0043b9f0 f i libcmt:cvt.obj
 0002:0001c9fb       __cfltcvt                  0043b9fb f   libcmt:cvt.obj
 0002:0001ca24       __cfltcvt_l                0043ba24 f   libcmt:cvt.obj
 0002:0001cacb       __cftoa                    0043bacb f   libcmt:cvt.obj
 0002:0001caf0       __cftoa_l                  0043baf0 f   libcmt:cvt.obj
 0002:0001cf23       __cftoe                    0043bf23 f   libcmt:cvt.obj
 0002:0001d0ed       __cftoe_l                  0043c0ed f   libcmt:cvt.obj
 0002:0001d1ee       __cftof                    0043c1ee f   libcmt:cvt.obj
 0002:0001d336       __cftof_l                  0043c336 f   libcmt:cvt.obj
 0002:0001d427       __cftog                    0043c427 f   libcmt:cvt.obj
 0002:0001d44c       __cftog_l                  0043c44c f   libcmt:cvt.obj
 0002:0001d58a       __cropzeros                0043c58a f   libcmt:cvt.obj
 0002:0001d59f       __cropzeros_l              0043c59f f   libcmt:cvt.obj
 0002:0001d63f       __fassign                  0043c63f f   libcmt:cvt.obj
 0002:0001d65d       __fassign_l                0043c65d f   libcmt:cvt.obj
 0002:0001d6af       __forcdecpt                0043c6af f   libcmt:cvt.obj
 0002:0001d6c4       __forcdecpt_l              0043c6c4 f   libcmt:cvt.obj
 0002:0001d755       __positive                 0043c755 f   libcmt:cvt.obj
 0002:0001d7a7       __setdefaultprecision      0043c7a7 f   libcmt:fp8.obj
 0002:0001d7d7       __initp_misc_cfltcvt_tab   0043c7d7 f   libcmt:cmiscdat.obj
 0002:0001d7fd       __VEC_memset               0043c7fd f   libcmt:p4_memset.obj
 0002:0001d8f7       ___isa_available_init      0043c8f7 f   libcmt:cpu_disp.obj
 0002:0001dad0       ___ascii_strnicmp          0043cad0 f   libcmt:_strnicm.obj
 0002:0001db49       ___addlocaleref            0043cb49 f   libcmt:localref.obj
 0002:0001dc03       ___freetlocinfo            0043cc03 f   libcmt:localref.obj
 0002:0001ddb3       ___removelocaleref         0043cdb3 f   libcmt:localref.obj
 0002:0001de7b       ___updatetlocinfo          0043ce7b f   libcmt:localref.obj
 0002:0001df1b       __updatetlocinfoEx_nolock  0043cf1b f   libcmt:localref.obj
 0002:0001df78       ___initmbctable            0043cf78 f   libcmt:mbctype.obj
 0002:0001e2da       ___updatetmbcinfo          0043d2da f   libcmt:mbctype.obj
 0002:0001e3a9       __getmbcp                  0043d3a9 f   libcmt:mbctype.obj
 0002:0001e3e6       __setmbcp                  0043d3e6 f   libcmt:mbctype.obj
 0002:0001e5f8       __setmbcp_nolock           0043d5f8 f   libcmt:mbctype.obj
 0002:0001e85d       __tolower                  0043d85d f   libcmt:tolower.obj
 0002:0001e86a       __tolower_l                0043d86a f   libcmt:tolower.obj
 0002:0001e9fd       _tolower                   0043d9fd f   libcmt:tolower.obj
 0002:0001ea34       ___get_flsindex            0043da34 f   libcmt:tidtable.obj
 0002:0001ea3a       ___threadhandle            0043da3a f   libcmt:tidtable.obj
 0002:0001ea40       ___threadid                0043da40 f   libcmt:tidtable.obj
 0002:0001ea46       __freefls@4                0043da46 f   libcmt:tidtable.obj
 0002:0001ebc8       __freeptd                  0043dbc8 f   libcmt:tidtable.obj
 0002:0001ec0b       __getptd                   0043dc0b f   libcmt:tidtable.obj
 0002:0001ec29       __getptd_noexit            0043dc29 f   libcmt:tidtable.obj
 0002:0001ecb3       __initptd                  0043dcb3 f   libcmt:tidtable.obj
 0002:0001ed92       __mtinit                   0043dd92 f   libcmt:tidtable.obj
 0002:0001ee25       __mtterm                   0043de25 f   libcmt:tidtable.obj
 0002:0001ee49       ___init_dummy              0043de49 f   libcmt:wsetloca.obj
 0002:0001ee4c       __locterm                  0043de4c f   libcmt:wsetloca.obj
 0002:0001eeb2       ____setlc_active_func      0043deb2 f   libcmt:wsetloca.obj
 0002:0001eeb8       ____unguarded_readlc_active_add_func 0043deb8 f   libcmt:wsetloca.obj
 0002:0001eebe       ___copy_locale_name        0043debe f   libcmt:wsetloca.obj
 0002:0001ef3b       ___create_locale           0043df3b f   libcmt:wsetloca.obj
 0002:0001ef46       ___free_locale             0043df46 f   libcmt:wsetloca.obj
 0002:0001ef4b       ___get_current_locale      0043df4b f   libcmt:wsetloca.obj
 0002:0001ef50       ___lc_lctowcs              0043df50 f   libcmt:wsetloca.obj
 0002:0001efd9       ___lc_wcstolc              0043dfd9 f   libcmt:wsetloca.obj
 0002:0001f150       __configthreadlocale       0043e150 f   libcmt:wsetloca.obj
 0002:0001f1f7       __create_locale            0043e1f7 f   libcmt:wsetloca.obj
 0002:0001f271       __expandlocale             0043e271 f   libcmt:wsetloca.obj
 0002:0001f625       __free_locale              0043e625 f   libcmt:wsetloca.obj
 0002:0001f709       __get_current_locale       0043e709 f   libcmt:wsetloca.obj
 0002:0001f7e3       __wcreate_locale           0043e7e3 f   libcmt:wsetloca.obj
 0002:0001f8ef       __wcscats                  0043e8ef f   libcmt:wsetloca.obj
 0002:0001f93d       __wsetlocale               0043e93d f   libcmt:wsetloca.obj
 0002:000204ce       __ftbuf                    0043f4ce f   libcmt:_sftbuf.obj
 0002:0002050b       __stbuf                    0043f50b f   libcmt:_sftbuf.obj
 0002:000205da       __flsbuf                   0043f5da f   libcmt:_flsbuf.obj
 0002:0002077c       __vscprintf                0043f77c f   libcmt:vsprintf.obj
 0002:0002079c       __vscprintf_helper         0043f79c f   libcmt:vsprintf.obj
 0002:0002080f       __vscprintf_l              0043f80f f   libcmt:vsprintf.obj
 0002:00020830       __vscprintf_p              0043f830 f   libcmt:vsprintf.obj
 0002:00020850       __vscprintf_p_l            0043f850 f   libcmt:vsprintf.obj
 0002:00020871       __vsprintf_l               0043f871 f   libcmt:vsprintf.obj
 0002:00020916       _vsprintf                  0043f916 f   libcmt:vsprintf.obj
 0002:00020934       __vsnprintf_c              0043f934 f   libcmt:vsnprnc.obj
 0002:00020964       __vsnprintf_c_l            0043f964 f   libcmt:vsnprnc.obj
 0002:00020996       __vsnprintf_helper         0043f996 f   libcmt:vsnprnc.obj
 0002:00020a92       __vsnprintf_s              0043fa92 f   libcmt:vsnprnc.obj
 0002:00020ab7       __vsnprintf_s_l            0043fab7 f   libcmt:vsnprnc.obj
 0002:00020bf7       __vsprintf_p               0043fbf7 f   libcmt:vsnprnc.obj
 0002:00020c27       __vsprintf_p_l             0043fc27 f   libcmt:vsnprnc.obj
 0002:00020c59       __vsprintf_s_l             0043fc59 f   libcmt:vsnprnc.obj
 0002:00020ceb       _vsprintf_s                0043fceb f   libcmt:vsnprnc.obj
 0002:00020d0c       __output_l                 0043fd0c f   libcmt:output.obj
 0002:00021b6c       _get_int64_arg             00440b6c f i libcmt:output.obj
 0002:00021b83       _get_int_arg               00440b83 f i libcmt:output.obj
 0002:00021b97       _get_short_arg             00440b97 f i libcmt:output.obj
 0002:00021cd3       __fltin2                   00440cd3 f   libcmt:cfin.obj
 0002:00021da3       ___STRINGTOLD_L            00440da3 f   libcmt:strgtold.obj
 0002:00021e14       ___addl                    00440e14 f i libcmt:strgtold.obj
 0002:00021e41       ___ld12mul                 00440e41 f i libcmt:strgtold.obj
 0002:000221c0       ___multtenpow12            004411c0 f i libcmt:strgtold.obj
 0002:000225e7       ___shl_12                  004415e7 f i libcmt:strgtold.obj
 0002:00022624       ___shr_12                  00441624 f i libcmt:strgtold.obj
 0002:00022660       ___strgtold12_l            00441660 f   libcmt:strgtold.obj
 0002:00022ff2       __isctype                  00441ff2 f   libcmt:isctype.obj
 0002:0002302c       __isctype_l                0044202c f   libcmt:isctype.obj
 0002:00023109       @__security_check_cookie@4 00442109 f   libcmt:secchk.obj
 0002:0002311b       ?__CxxUnhandledExceptionFilter@@YGJPAU_EXCEPTION_POINTERS@@@Z 0044211b f   libcmt:unhandld.obj
 0002:0002316c       ___CxxSetUnhandledExceptionFilter 0044216c f   libcmt:unhandld.obj
 0002:0002317d       __XcptFilter               0044217d f   libcmt:winxfltr.obj
 0002:0002332e       ___CppXcptFilter           0044232e f   libcmt:winxfltr.obj
 0002:00023394       __set_pgmptr               00442394 f i libcmt:stdargv.obj
 0002:000233a4       __setargv                  004423a4 f   libcmt:stdargv.obj
 0002:0002365e       __setenvp                  0044265e f   libcmt:stdenvp.obj
 0002:00023777       ___set_app_type            00442777 f   libcmt:errmode.obj
 0002:00023787       __set_error_mode           00442787 f   libcmt:errmode.obj
 0002:000237d7       ___security_init_cookie    004427d7 f   libcmt:gs_support.obj
 0002:0002389a       __RTC_Initialize           0044289a f   libcmt:initsect.obj
 0002:000238c2       __RTC_Terminate            004428c2 f   libcmt:initsect.obj
 0002:000238ea       ___crtGetEnvironmentStringsA 004428ea f   libcmt:a_env.obj
 0002:000239d2       ___crtCloseThreadpoolTimer 004429d2 f   libcmt:winapisupp.obj
 0002:000239ee       ___crtCloseThreadpoolWait  004429ee f   libcmt:winapisupp.obj
 0002:00023a0a       ___crtCreateEventExW       00442a0a f   libcmt:winapisupp.obj
 0002:00023a53       ___crtCreateSemaphoreExW   00442a53 f   libcmt:winapisupp.obj
 0002:00023a9b       ___crtCreateSymbolicLinkW  00442a9b f   libcmt:winapisupp.obj
 0002:00023ace       ___crtCreateThreadpoolTimer 00442ace f   libcmt:winapisupp.obj
 0002:00023af7       ___crtCreateThreadpoolWait 00442af7 f   libcmt:winapisupp.obj
 0002:00023b20       ___crtFlsAlloc             00442b20 f   libcmt:winapisupp.obj
 0002:00023b45       ___crtFlsFree              00442b45 f   libcmt:winapisupp.obj
 0002:00023b6b       ___crtFlsGetValue          00442b6b f   libcmt:winapisupp.obj
 0002:00023b91       ___crtFlsSetValue          00442b91 f   libcmt:winapisupp.obj
 0002:00023bbb       ___crtFlushProcessWriteBuffers 00442bbb f   libcmt:winapisupp.obj
 0002:00023bcf       ___crtFreeLibraryWhenCallbackReturns 00442bcf f   libcmt:winapisupp.obj
 0002:00023bef       ___crtGetCurrentProcessorNumber 00442bef f   libcmt:winapisupp.obj
 0002:00023c05       ___crtGetFileInformationByHandleEx 00442c05 f   libcmt:winapisupp.obj
 0002:00023c3c       ___crtGetLogicalProcessorInformation 00442c3c f   libcmt:winapisupp.obj
 0002:00023c6b       ___crtGetShowWindowMode    00442c6b f   libcmt:winapisupp.obj
 0002:00023c96       ___crtGetTickCount64       00442c96 f   libcmt:winapisupp.obj
 0002:00023cb4       ___crtInitializeCriticalSectionEx 00442cb4 f   libcmt:winapisupp.obj
 0002:00023ced       ___crtIsPackagedApp        00442ced f   libcmt:winapisupp.obj
 0002:00023d3d       ___crtLoadWinApiPointers   00442d3d f   libcmt:winapisupp.obj
 0002:0002406a       ___crtSetFileInformationByHandle 0044306a f   libcmt:winapisupp.obj
 0002:000240a1       ___crtSetThreadStackGuarantee 004430a1 f   libcmt:winapisupp.obj
 0002:000240c2       ___crtSetThreadpoolTimer   004430c2 f   libcmt:winapisupp.obj
 0002:000240ea       ___crtSetThreadpoolWait    004430ea f   libcmt:winapisupp.obj
 0002:0002410e       ___crtSetUnhandledExceptionFilter 0044310e f   libcmt:winapisupp.obj
 0002:0002411f       ___crtSleep                0044311f f   libcmt:winapisupp.obj
 0002:00024130       ___crtTerminateProcess     00443130 f   libcmt:winapisupp.obj
 0002:0002414a       ___crtUnhandledException   0044314a f   libcmt:winapisupp.obj
 0002:00024165       ___crtWaitForThreadpoolTimerCallbacks 00443165 f   libcmt:winapisupp.obj
 0002:00024185       __wincmdln                 00443185 f   libcmt:wincmdln.obj
 0002:000241fb       ___fpecode                 004431fb f   libcmt:winsig.obj
 0002:00024206       ___get_sigabrt             00443206 f   libcmt:winsig.obj
 0002:00024216       ___pxcptinfoptrs           00443216 f   libcmt:winsig.obj
 0002:00024221       __initp_misc_winsig        00443221 f   libcmt:winsig.obj
 0002:00024312       _raise                     00443312 f   libcmt:winsig.obj
 0002:00024583       _signal                    00443583 f   libcmt:winsig.obj
 0002:0002486f       __vsnprintf                0044386f f   libcmt:vsnprint.obj
 0002:00024890       __vsnprintf_l              00443890 f   libcmt:vsnprint.obj
 0002:00024967       __rt_probe_read4@4         00443967 f   libcmt:sehsupp.obj
 0002:000249bc       __write                    004439bc f   libcmt:write.obj
 0002:00024ae6       __write_nolock             00443ae6 f   libcmt:write.obj
 0002:00025564       __commit                   00444564 f   libcmt:commit.obj
 0002:00025687       __lock                     00444687 f   libcmt:mlock.obj
 0002:000256c8       __lockerr_exit             004446c8 f   libcmt:mlock.obj
 0002:000256f0       __mtdeletelocks            004446f0 f   libcmt:mlock.obj
 0002:00025759       __mtinitlocknum            00444759 f   libcmt:mlock.obj
 0002:0002582c       __mtinitlocks              0044482c f   libcmt:mlock.obj
 0002:00025873       __unlock                   00444873 f   libcmt:mlock.obj
 0002:0002588d       __crt_debugger_hook        0044488d f   libcmt:dbghook.obj
 0002:00025897       __fcloseall                00444897 f   libcmt:closeall.obj
 0002:0002595b       __calloc_crt               0044495b f   libcmt:crtheap.obj
 0002:000259b5       __malloc_crt               004449b5 f   libcmt:crtheap.obj
 0002:00025a0d       __realloc_crt              00444a0d f   libcmt:crtheap.obj
 0002:00025a69       __recalloc_crt             00444a69 f   libcmt:crtheap.obj
 0002:00025aca       __set_malloc_crt_max_wait  00444aca f   libcmt:crtheap.obj
 0002:00025ae1       _wait_a_bit                00444ae1 f i libcmt:crtheap.obj
 0002:00025b0e       ___lock_fhandle            00444b0e f   libcmt:osfinfo.obj
 0002:00025bbf       __alloc_osfhnd             00444bbf f   libcmt:osfinfo.obj
 0002:00025dd2       __free_osfhnd              00444dd2 f   libcmt:osfinfo.obj
 0002:00025e79       __get_osfhandle            00444e79 f   libcmt:osfinfo.obj
 0002:00025ef9       __open_osfhandle           00444ef9 f   libcmt:osfinfo.obj
 0002:00026054       __set_osfhnd               00445054 f   libcmt:osfinfo.obj
 0002:000260f6       __unlock_fhandle           004450f6 f   libcmt:osfinfo.obj
 0002:00026130       __FindPESection            00445130 f   libcmt:pesect.obj
 0002:00026190       __IsNonwritableInCurrentImage 00445190 f   libcmt:pesect.obj
 0002:00026280       __ValidateImageBase        00445280 f   libcmt:pesect.obj
 0002:000262bd       __open                     004452bd f   libcmt:open.obj
 0002:00026399       __sopen                    00445399 f   libcmt:open.obj
 0002:000263d8       __sopen_helper             004453d8 f   libcmt:open.obj
 0002:000264d3       __sopen_nolock             004454d3 f   libcmt:open.obj
 0002:00026534       __sopen_s                  00445534 f   libcmt:open.obj
 0002:00026559       __mbsnbcmp                 00445559 f   libcmt:mbsnbcmp.obj
 0002:00026577       __mbsnbcmp_l               00445577 f   libcmt:mbsnbcmp.obj
 0002:000266d3       __mbsnbicmp                004456d3 f   libcmt:mbsnbicm.obj
 0002:000266f1       __mbsnbicmp_l              004456f1 f   libcmt:mbsnbicm.obj
 0002:0002691a       __getbuf                   0044591a f   libcmt:_getbuf.obj
 0002:00026971       __isatty                   00445971 f   libcmt:isatty.obj
 0002:000269da       __lseeki64                 004459da f   libcmt:lseeki64.obj
 0002:00026b15       __lseeki64_nolock          00445b15 f   libcmt:lseeki64.obj
 0002:00026bb0       __alloca_probe             00445bb0 f   libcmt:chkstk.obj
 0002:00026bb0       __chkstk                   00445bb0 f   libcmt:chkstk.obj
 0002:00026be5       ___onexitinit              00445be5 f   libcmt:onexit.obj
 0002:00026c1f       __onexit                   00445c1f f   libcmt:onexit.obj
 0002:00026d5a       _atexit                    00445d5a f   libcmt:onexit.obj
 0002:00026d74       ?_inconsistency@@YAXXZ     00445d74 f   libcmt:hooks.obj
 0002:00026dba       ?terminate@@YAXXZ          00445dba f   libcmt:hooks.obj
 0002:00026dfb       ?unexpected@@YAXXZ         00445dfb f   libcmt:hooks.obj
 0002:00026e12       __initp_eh_hooks           00445e12 f   libcmt:hooks.obj
 0002:00026e27       ___getlocaleinfo           00445e27 f   libcmt:inithelp.obj
 0002:00027076       __initp_misc_purevirt      00446076 f   libcmt:inithelp.obj
 0002:00027086       __initp_misc_rand_s        00446086 f   libcmt:rand_s.obj
 0002:00027096       _rand_s                    00446096 f   libcmt:rand_s.obj
 0002:000271dd       _wcscat_s                  004461dd f   libcmt:wcscat_s.obj
 0002:00027264       _wcscpy_s                  00446264 f   libcmt:wcscpy_s.obj
 0002:000272d7       _wcslen                    004462d7 f   libcmt:wcslen.obj
 0002:000272f6       _wcsncpy_s                 004462f6 f   libcmt:wcsncpy_s.obj
 0002:000273e3       ___crtMessageBoxW          004463e3 f   libcmt:crtmboxw.obj
 0002:00027642       ___crtMessageBoxWaitThreadW@4 00446642 f   libcmt:crtmboxw.obj
 0002:00027667       ___libm_error_support      00446667 f   libcmt:libm_error.obj
 0002:00027a09       ___libm_setusermatherr     00446a09 f   libcmt:libm_error.obj
 0002:00027a40       __d_inttype                00446a40 f   libcmt:powhlp.obj
 0002:00027ac2       __powhlp                   00446ac2 f   libcmt:powhlp.obj
 0002:00027c45       __87except                 00446c45 f   libcmt:87except.obj
 0002:00027d90       __add_exp                  00446d90 f   libcmt:util.obj
 0002:00027dca       __decomp                   00446dca f   libcmt:util.obj
 0002:00027ed0       __get_exp                  00446ed0 f   libcmt:util.obj
 0002:00027eef       __set_bexp                 00446eef f   libcmt:util.obj
 0002:00027f22       __set_exp                  00446f22 f   libcmt:util.obj
 0002:00027f5c       __sptype                   00446f5c f   libcmt:util.obj
 0002:00027fcd       ___clrfp_sse2              00446fcd f   libcmt:fpctrl.obj
 0002:00027ff6       ___ctrlfp_sse2             00446ff6 f   libcmt:fpctrl.obj
 0002:0002803d       ___fclrf_sse2              0044703d f   libcmt:fpctrl.obj
 0002:00028061       ___get_fpsr_sse2           00447061 f   libcmt:fpctrl.obj
 0002:00028084       ___set_fpsr_sse2           00447084 f   libcmt:fpctrl.obj
 0002:00028117       ___set_statfp_sse2         00447117 f   libcmt:fpctrl.obj
 0002:00028136       ___statfp_sse2             00447136 f   libcmt:fpctrl.obj
 0002:00028150       __clrfp                    00447150 f   libcmt:fpctrl.obj
 0002:00028165       __ctrlfp                   00447165 f   libcmt:fpctrl.obj
 0002:0002819a       __set_statfp               0044719a f   libcmt:fpctrl.obj
 0002:00028208       __statfp                   00447208 f   libcmt:fpctrl.obj
 0002:0002821c       __matherr                  0044721c f   libcmt:matherr.obj
 0002:0002821f       ___isascii                 0044721f f i libcmt:_ctype.obj
 0002:00028233       ___iscsym                  00447233 f i libcmt:_ctype.obj
 0002:0002825b       ___iscsymf                 0044725b f i libcmt:_ctype.obj
 0002:0002827f       ___toascii                 0044727f f i libcmt:_ctype.obj
 0002:0002828c       __isalnum_l                0044728c f i libcmt:_ctype.obj
 0002:000282fa       __isalpha_l                004472fa f i libcmt:_ctype.obj
 0002:00028368       __isblank_l                00447368 f i libcmt:_ctype.obj
 0002:000283d8       __iscntrl_l                004473d8 f i libcmt:_ctype.obj
 0002:0002843e       __iscsym_l                 0044743e f i libcmt:_ctype.obj
 0002:00028467       __iscsymf_l                00447467 f i libcmt:_ctype.obj
 0002:00028490       __isdigit_l                00447490 f i libcmt:_ctype.obj
 0002:000284f6       __isgraph_l                004474f6 f i libcmt:_ctype.obj
 0002:00028564       __islower_l                00447564 f i libcmt:_ctype.obj
 0002:000285ca       __isprint_l                004475ca f i libcmt:_ctype.obj
 0002:00028638       __ispunct_l                00447638 f i libcmt:_ctype.obj
 0002:0002869e       __isspace_l                0044769e f i libcmt:_ctype.obj
 0002:00028704       __isupper_l                00447704 f i libcmt:_ctype.obj
 0002:0002876a       __isxdigit_l               0044776a f i libcmt:_ctype.obj
 0002:000287d8       _isalnum                   004477d8 f i libcmt:_ctype.obj
 0002:00028810       _isalpha                   00447810 f i libcmt:_ctype.obj
 0002:00028848       _isblank                   00447848 f i libcmt:_ctype.obj
 0002:0002888a       _iscntrl                   0044788a f i libcmt:_ctype.obj
 0002:000288bf       _isdigit                   004478bf f i libcmt:_ctype.obj
 0002:000288f4       _isgraph                   004478f4 f i libcmt:_ctype.obj
 0002:0002892c       _islower                   0044792c f i libcmt:_ctype.obj
 0002:00028961       _isprint                   00447961 f i libcmt:_ctype.obj
 0002:00028999       _ispunct                   00447999 f i libcmt:_ctype.obj
 0002:000289ce       _isspace                   004479ce f i libcmt:_ctype.obj
 0002:00028a03       _isupper                   00447a03 f i libcmt:_ctype.obj
 0002:00028a38       _isxdigit                  00447a38 f i libcmt:_ctype.obj
 0002:00028a70       _strcpy_s                  00447a70 f   libcmt:strcpy_s.obj
 0002:00028ae0       _memmove                   00447ae0 f   libcmt:memmove.obj
 0002:000292c0       _strrchr                   004482c0 f   libcmt:strrchr.obj
 0002:00029444       __fptostr                  00448444 f   libcmt:_fptostr.obj
 0002:00029520       ___crt_atoflt_l            00448520 f   libcmt:atodbl.obj
 0002:000295ed       __atodbl                   004485ed f   libcmt:atodbl.obj
 0002:00029607       __atodbl_l                 00448607 f   libcmt:atodbl.obj
 0002:000296b8       __atoflt                   004486b8 f   libcmt:atodbl.obj
 0002:000296d2       __atoflt_l                 004486d2 f   libcmt:atodbl.obj
 0002:000296f0       __atoldbl                  004486f0 f   libcmt:atodbl.obj
 0002:0002970a       __atoldbl_l                0044870a f   libcmt:atodbl.obj
 0002:000297bc       ___dtold                   004487bc f   libcmt:cfout.obj
 0002:000298b6       __fltout2                  004488b6 f   libcmt:cfout.obj
 0002:00029970       __alldvrm                  00448970 f   libcmt:lldvrm.obj
 0002:00029a90       __aullshr                  00448a90 f   libcmt:ullshr.obj
 0002:00029ab6       __get_output_format        00448ab6 f   libcmt:outputformat.obj
 0002:00029abc       __set_output_format        00448abc f   libcmt:outputformat.obj
 0002:00029afa       __controlfp_s              00448afa f   libcmt:contrlfp.obj
 0002:00029b6e       __fptrap                   00448b6e f   libcmt:crt0fp.obj
 0002:00029b79       ___free_lconv_mon          00448b79 f   libcmt:initmon.obj
 0002:00029cb4       ___init_monetary           00448cb4 f   libcmt:initmon.obj
 0002:0002a183       ___free_lconv_num          00449183 f   libcmt:initnum.obj
 0002:0002a203       ___init_numeric            00449203 f   libcmt:initnum.obj
 0002:0002a4d0       ___free_lc_time            004494d0 f   libcmt:inittime.obj
 0002:0002a930       ___init_time               00449930 f   libcmt:inittime.obj
 0002:0002b3ba       _localeconv                0044a3ba f   libcmt:lconv.obj
 0002:0002b696       __MallocaIsSizeInRange     0044a696 f i libcmt:a_map.obj
 0002:0002b6ab       __MarkAllocaS              0044a6ab f i libcmt:a_map.obj
 0002:0002b6c4       ___crtLCMapStringA         0044a6c4 f   libcmt:a_map.obj
 0002:0002b71b       __freea                    0044a71b f i libcmt:a_map.obj
 0002:0002b876       ___crtGetStringTypeA       0044a876 f   libcmt:a_str.obj
 0002:0002b8c6       ___iswcsym                 0044a8c6 f i libcmt:_wctype.obj
 0002:0002b8f3       ___iswcsymf                0044a8f3 f i libcmt:_wctype.obj
 0002:0002b920       __isleadbyte_l             0044a920 f i libcmt:_wctype.obj
 0002:0002b968       __iswalnum_l               0044a968 f i libcmt:_wctype.obj
 0002:0002b981       __iswalpha_l               0044a981 f i libcmt:_wctype.obj
 0002:0002b99a       __iswblank_l               0044a99a f i libcmt:_wctype.obj
 0002:0002b9bb       __iswcntrl_l               0044a9bb f i libcmt:_wctype.obj
 0002:0002b9d0       __iswcsym_l                0044a9d0 f i libcmt:_wctype.obj
 0002:0002b9fd       __iswcsymf_l               0044a9fd f i libcmt:_wctype.obj
 0002:0002ba2a       __iswdigit_l               0044aa2a f i libcmt:_wctype.obj
 0002:0002ba3f       __iswgraph_l               0044aa3f f i libcmt:_wctype.obj
 0002:0002ba58       __iswlower_l               0044aa58 f i libcmt:_wctype.obj
 0002:0002ba6d       __iswprint_l               0044aa6d f i libcmt:_wctype.obj
 0002:0002ba86       __iswpunct_l               0044aa86 f i libcmt:_wctype.obj
 0002:0002ba9b       __iswspace_l               0044aa9b f i libcmt:_wctype.obj
 0002:0002bab0       __iswupper_l               0044aab0 f i libcmt:_wctype.obj
 0002:0002bac5       __iswxdigit_l              0044aac5 f i libcmt:_wctype.obj
 0002:0002bade       _isleadbyte                0044aade f i libcmt:_wctype.obj
 0002:0002baf3       _iswalnum                  0044aaf3 f i libcmt:_wctype.obj
 0002:0002bb0c       _iswalpha                  0044ab0c f i libcmt:_wctype.obj
 0002:0002bb25       _iswascii                  0044ab25 f i libcmt:_wctype.obj
 0002:0002bb3b       _iswblank                  0044ab3b f i libcmt:_wctype.obj
 0002:0002bb5c       _iswcntrl                  0044ab5c f i libcmt:_wctype.obj
 0002:0002bb71       _iswdigit                  0044ab71 f i libcmt:_wctype.obj
 0002:0002bb86       _iswgraph                  0044ab86 f i libcmt:_wctype.obj
 0002:0002bb9f       _iswlower                  0044ab9f f i libcmt:_wctype.obj
 0002:0002bbb4       _iswprint                  0044abb4 f i libcmt:_wctype.obj
 0002:0002bbcd       _iswpunct                  0044abcd f i libcmt:_wctype.obj
 0002:0002bbe2       _iswspace                  0044abe2 f i libcmt:_wctype.obj
 0002:0002bbf7       _iswupper                  0044abf7 f i libcmt:_wctype.obj
 0002:0002bc0c       _iswxdigit                 0044ac0c f i libcmt:_wctype.obj
 0002:0002bc25       ___pctype_func             0044ac25 f   libcmt:ctype.obj
 0002:0002bc58       ___pwctype_func            0044ac58 f   libcmt:ctype.obj
 0002:0002bc5e       ___init_collate            0044ac5e f   libcmt:initcoll.obj
 0002:0002bc61       ____lc_codepage_func       0044ac61 f   libcmt:initctyp.obj
 0002:0002bc90       ____lc_collate_cp_func     0044ac90 f   libcmt:initctyp.obj
 0002:0002bcbf       ____lc_locale_name_func    0044acbf f   libcmt:initctyp.obj
 0002:0002bcf1       ____mb_cur_max_func        0044acf1 f   libcmt:initctyp.obj
 0002:0002bd20       ____mb_cur_max_l_func      0044ad20 f   libcmt:initctyp.obj
 0002:0002bd3c       ___init_ctype              0044ad3c f   libcmt:initctyp.obj
 0002:0002c1ba       ___raise_securityfailure   0044b1ba f   libcmt:gs_report.obj
 0002:0002c206       ___report_gsfailure        0044b206 f   libcmt:gs_report.obj
 0002:0002c33f       ___report_rangecheckfailure 0044b33f f   libcmt:gs_report.obj
 0002:0002c34e       ___report_securityfailure  0044b34e f   libcmt:gs_report.obj
 0002:0002c452       ___report_securityfailureEx 0044b452 f   libcmt:gs_report.obj
 0002:0002c710       _memcmp                    0044b710 f   libcmt:memcmp.obj
 0002:000301e9       _wcscmp                    0044f1e9 f   libcmt:wcscmp.obj
 0002:00030236       _wcscspn                   0044f236 f   libcmt:wcscspn.obj
 0002:00030293       _wcsnlen                   0044f293 f   libcmt:wcslen_s.obj
 0002:000302b9       _wcsncmp                   0044f2b9 f   libcmt:wcsncmp.obj
 0002:000302fc       _wcspbrk                   0044f2fc f   libcmt:wcspbrk.obj
 0002:00030a7d       ___get_qualified_locale    0044fa7d f   libcmt:getqloc.obj
 0002:00031504       ___get_qualified_locale_downlevel 00450504 f   libcmt:getqloc_downlevel.obj
 0002:000317a7       _GetTableIndexFromLcid     004507a7 f   libcmt:winapinls.obj
 0002:000317e9       _GetTableIndexFromLocaleName 004507e9 f   libcmt:winapinls.obj
 0002:0003184a       ___crtCompareStringEx      0045084a f   libcmt:winapinls.obj
 0002:000318a9       ___crtDownlevelLCIDToLocaleName 004508a9 f   libcmt:winapinls.obj
 0002:00031944       ___crtDownlevelLocaleNameToLCID 00450944 f   libcmt:winapinls.obj
 0002:00031991       ___crtEnumSystemLocalesEx  00450991 f   libcmt:winapinls.obj
 0002:000319dd       ___crtGetDateFormatEx      004509dd f   libcmt:winapinls.obj
 0002:00031a38       ___crtGetLocaleInfoEx      00450a38 f   libcmt:winapinls.obj
 0002:00031a72       ___crtGetTimeFormatEx      00450a72 f   libcmt:winapinls.obj
 0002:00031ab4       ___crtGetUserDefaultLocaleName 00450ab4 f   libcmt:winapinls.obj
 0002:00031ae9       ___crtIsValidLocaleName    00450ae9 f   libcmt:winapinls.obj
 0002:00031b1e       ___crtLCMapStringEx        00450b1e f   libcmt:winapinls.obj
 0002:00031b7d       ___wcsnicmp_ascii          00450b7d f   libcmt:winapinls.obj
 0002:00031c06       __output_p_l               00450c06 f   libcmt:outputp.obj
 0002:0003340c       __validate_param_reuseA    0045240c f   libcmt:outputp.obj
 0002:0003358f       _get_crtdouble_arg         0045258f f i libcmt:outputp.obj
 0002:000336cd       __output_s_l               004526cd f   libcmt:outputs.obj
 0002:00034677       __get_printf_count_output  00453677 f   libcmt:printf.obj
 0002:00034691       __printf_l                 00453691 f   libcmt:printf.obj
 0002:000346ad       __printf_p                 004536ad f   libcmt:printf.obj
 0002:000346c8       __printf_p_l               004536c8 f   libcmt:printf.obj
 0002:000346e4       __printf_s_l               004536e4 f   libcmt:printf.obj
 0002:00034700       __set_printf_count_output  00453700 f   libcmt:printf.obj
 0002:00034732       _printf                    00453732 f   libcmt:printf.obj
 0002:0003480c       _printf_s                  0045380c f   libcmt:printf.obj
 0002:00034827       __wctomb_l                 00453827 f   libcmt:wctomb.obj
 0002:00034889       __wctomb_s_l               00453889 f   libcmt:wctomb.obj
 0002:000349f6       _wctomb                    004539f6 f   libcmt:wctomb.obj
 0002:00034a35       _wctomb_s                  00453a35 f   libcmt:wctomb.obj
 0002:00034a60       __aulldvrm                 00453a60 f   libcmt:ulldvrm.obj
 0002:00034b1a       __CopyMan                  00453b1a f i libcmt:intrncvt.obj
 0002:00034b3e       __FillZeroMan              00453b3e f i libcmt:intrncvt.obj
 0002:00034b50       __IncMan                   00453b50 f i libcmt:intrncvt.obj
 0002:00034bca       __IsZeroMan                00453bca f i libcmt:intrncvt.obj
 0002:00034bee       __RoundMan                 00453bee f i libcmt:intrncvt.obj
 0002:00034d2f       __ShrMan                   00453d2f f i libcmt:intrncvt.obj
 0002:00034de0       __ZeroTail                 00453de0 f i libcmt:intrncvt.obj
 0002:00034e3a       __ld12cvt                  00453e3a f i libcmt:intrncvt.obj
 0002:000354ff       __ld12tod                  004544ff f   libcmt:intrncvt.obj
 0002:00035bcd       __ld12tof                  00454bcd f   libcmt:intrncvt.obj
 0002:0003629b       __ld12told                 0045529b f   libcmt:intrncvt.obj
 0002:0003639d       ___add_12                  0045539d f i libcmt:mantold.obj
 0002:0003642b       ___mtold12                 0045542b f   libcmt:mantold.obj
 0002:000366f3       __ismbbalnum               004556f3 f   libcmt:ismbbyte.obj
 0002:00036712       __ismbbalnum_l             00455712 f   libcmt:ismbbyte.obj
 0002:00036732       __ismbbalpha               00455732 f   libcmt:ismbbyte.obj
 0002:00036751       __ismbbalpha_l             00455751 f   libcmt:ismbbyte.obj
 0002:00036771       __ismbbblank               00455771 f   libcmt:ismbbyte.obj
 0002:0003679a       __ismbbblank_l             0045579a f   libcmt:ismbbyte.obj
 0002:000367c4       __ismbbgraph               004557c4 f   libcmt:ismbbyte.obj
 0002:000367e3       __ismbbgraph_l             004557e3 f   libcmt:ismbbyte.obj
 0002:00036803       __ismbbkalnum              00455803 f   libcmt:ismbbyte.obj
 0002:0003681e       __ismbbkalnum_l            0045581e f   libcmt:ismbbyte.obj
 0002:0003683a       __ismbbkana                0045583a f   libcmt:ismbbyte.obj
 0002:0003684f       __ismbbkana_l              0045584f f   libcmt:ismbbyte.obj
 0002:000368ae       __ismbbkprint              004558ae f   libcmt:ismbbyte.obj
 0002:000368c9       __ismbbkprint_l            004558c9 f   libcmt:ismbbyte.obj
 0002:000368e5       __ismbbkpunct              004558e5 f   libcmt:ismbbyte.obj
 0002:00036900       __ismbbkpunct_l            00455900 f   libcmt:ismbbyte.obj
 0002:0003691c       __ismbblead                0045591c f   libcmt:ismbbyte.obj
 0002:00036937       __ismbblead_l              00455937 f   libcmt:ismbbyte.obj
 0002:00036953       __ismbbprint               00455953 f   libcmt:ismbbyte.obj
 0002:00036972       __ismbbprint_l             00455972 f   libcmt:ismbbyte.obj
 0002:00036992       __ismbbpunct               00455992 f   libcmt:ismbbyte.obj
 0002:000369ad       __ismbbpunct_l             004559ad f   libcmt:ismbbyte.obj
 0002:000369c9       __ismbbtrail               004559c9 f   libcmt:ismbbyte.obj
 0002:000369e4       __ismbbtrail_l             004559e4 f   libcmt:ismbbyte.obj
 0002:00036a00       __mbtowc_l                 00455a00 f   libcmt:mbtowc.obj
 0002:00036b32       _mbtowc                    00455b32 f   libcmt:mbtowc.obj
 0002:00036b50       __putwch                   00455b50 f   libcmt:putwch.obj
 0002:00036baf       __putwch_nolock            00455baf f   libcmt:putwch.obj
 0002:00036c02       _realloc                   00455c02 f   libcmt:realloc.obj
 0002:00036cd7       __recalloc                 00455cd7 f   libcmt:recalloc.obj
 0002:00036d5a       __calloc_impl              00455d5a f   libcmt:calloc_impl.obj
 0002:00036e9c       __wopen                    00455e9c f   libcmt:wopen.obj
 0002:00036f78       __wsopen                   00455f78 f   libcmt:wopen.obj
 0002:00036fb7       __wsopen_helper            00455fb7 f   libcmt:wopen.obj
 0002:000370b2       __wsopen_nolock            004560b2 f   libcmt:wopen.obj
 0002:000379d9       __wsopen_s                 004569d9 f   libcmt:wopen.obj
 0002:00037a00       _strncmp                   00456a00 f   libcmt:strncmp.obj
 0002:00037a96       __msize                    00456a96 f   libcmt:msize.obj
 0002:00037ad3       _strncpy_s                 00456ad3 f   libcmt:strncpy_s.obj
 0002:00037cbd       ___crtGetLocaleInfoA       00456cbd f   libcmt:a_loc.obj
 0002:00037d05       __frnd                     00456d05 f   libcmt:frnd.obj
 0002:00037d1e       __chgsign                  00456d1e f   libcmt:ieeemisc.obj
 0002:00037d56       __chgsignf                 00456d56 f   libcmt:ieeemisc.obj
 0002:00037d7f       __copysign                 00456d7f f   libcmt:ieeemisc.obj
 0002:00037db1       __copysignf                00456db1 f   libcmt:ieeemisc.obj
 0002:00037dd4       __finite                   00456dd4 f   libcmt:ieeemisc.obj
 0002:00037df2       __fpclass                  00456df2 f   libcmt:ieeemisc.obj
 0002:00037eb5       __isnan                    00456eb5 f   libcmt:ieeemisc.obj
 0002:00037ef4       __logb                     00456ef4 f   libcmt:ieeemisc.obj
 0002:0003800d       __nextafter                0045700d f   libcmt:ieeemisc.obj
 0002:00038355       __scalb                    00457355 f   libcmt:ieeemisc.obj
 0002:00038373       _$I10_OUTPUT               00457373 f   libcmt:x10fout.obj
 0002:00039144       ___control87_2             00458144 f   libcmt:ieee87.obj
 0002:00039952       __clearfp                  00458952 f   libcmt:ieee87.obj
 0002:00039a6a       __control87                00458a6a f i libcmt:ieee87.obj
 0002:00039e2c       __controlfp                00458e2c f   libcmt:ieee87.obj
 0002:0003a1f9       __fpreset                  004591f9 f   libcmt:ieee87.obj
 0002:0003a2f8       __set_controlfp            004592f8 f   libcmt:ieee87.obj
 0002:0003a387       __statusfp                 00459387 f   libcmt:ieee87.obj
 0002:0003a447       __statusfp2                00459447 f   libcmt:ieee87.obj
 0002:0003a4c0       __alloca_probe_16          004594c0 f   libcmt:alloca16.obj
 0002:0003a4d6       __alloca_probe_8           004594d6     libcmt:alloca16.obj
 0002:0003a4f7       __iswctype_l               004594f7 f   libcmt:iswctype.obj
 0002:0003a50d       _is_wctype                 0045950d f   libcmt:iswctype.obj
 0002:0003a518       _iswctype                  00459518 f   libcmt:iswctype.obj
 0002:0003a6e6       __i64tow_s                 004596e6 f   libcmt:xtows.obj
 0002:0003a723       __itow_s                   00459723 f   libcmt:xtows.obj
 0002:0003a756       __ltow_s                   00459756 f   libcmt:xtows.obj
 0002:0003a78a       __ui64tow_s                0045978a f   libcmt:xtows.obj
 0002:0003a7ab       __ultow_s                  004597ab f   libcmt:xtows.obj
 0002:0003a8f8       __wtoi                     004598f8 f   libcmt:wtox.obj
 0002:0003a903       __wtoi64                   00459903 f   libcmt:wtox.obj
 0002:0003a91c       __wtoi64_l                 0045991c f   libcmt:wtox.obj
 0002:0003a938       __wtoi_l                   00459938 f   libcmt:wtox.obj
 0002:0003a943       __wtol                     00459943 f   libcmt:wtox.obj
 0002:0003a95c       __wtol_l                   0045995c f   libcmt:wtox.obj
 0002:0003a978       __wtoll                    00459978 f   libcmt:wtox.obj
 0002:0003a991       __wtoll_l                  00459991 f   libcmt:wtox.obj
 0002:0003a9ad       _wcschr                    004599ad f   libcmt:wcschr.obj
 0002:0003aa86       __wcsicmp                  00459a86 f   libcmt:wcsicmp.obj
 0002:0003ab3d       __wcsicmp_l                00459b3d f   libcmt:wcsicmp.obj
 0002:0003ac4e       __wcsnicmp                 00459c4e f   libcmt:wcsnicmp.obj
 0002:0003ad31       __wcsnicmp_l               00459d31 f   libcmt:wcsnicmp.obj
 0002:0003b117       __strtol_l                 0045a117 f   libcmt:strtol.obj
 0002:0003b138       __strtoul_l                0045a138 f   libcmt:strtol.obj
 0002:0003b159       _strtol                    0045a159 f   libcmt:strtol.obj
 0002:0003b18d       _strtoul                   0045a18d f   libcmt:strtol.obj
 0002:0003b1c1       __vprintf_l                0045a1c1 f   libcmt:vprintf.obj
 0002:0003b1e2       __vprintf_p                0045a1e2 f   libcmt:vprintf.obj
 0002:0003b202       __vprintf_p_l              0045a202 f   libcmt:vprintf.obj
 0002:0003b223       __vprintf_s_l              0045a223 f   libcmt:vprintf.obj
 0002:0003b244       _vprintf                   0045a244 f   libcmt:vprintf.obj
 0002:0003b264       _vprintf_helper            0045a264 f   libcmt:vprintf.obj
 0002:0003b314       _vprintf_s                 0045a314 f   libcmt:vprintf.obj
 0002:0003b334       ___termconout              0045a334 f   libcmt:initcon.obj
 0002:0003b350       ___initconout              0045a350 f   libcmt:initcon.obj
 0002:0003b376       __chsize                   0045a376 f   libcmt:chsize.obj
 0002:0003b396       __chsize_nolock            0045a396 f   libcmt:chsize.obj
 0002:0003b5b9       __chsize_s                 0045a5b9 f   libcmt:chsize.obj
 0002:0003b6e2       __get_fmode                0045a6e2 f   libcmt:setmode.obj
 0002:0003b716       __set_fmode                0045a716 f   libcmt:setmode.obj
 0002:0003b75f       __setmode                  0045a75f f   libcmt:setmode.obj
 0002:0003b8a5       __setmode_nolock           0045a8a5 f   libcmt:setmode.obj
 0002:0003b9a5       _ldexp                     0045a9a5 f   libcmt:ldexp.obj
 0002:0003be65       __wcstol_l                 0045ae65 f   libcmt:wcstol.obj
 0002:0003be83       __wcstoul_l                0045ae83 f   libcmt:wcstol.obj
 0002:0003bea1       _wcstol                    0045aea1 f   libcmt:wcstol.obj
 0002:0003bebf       _wcstoul                   0045aebf f   libcmt:wcstol.obj
 0002:0003c261       __wcstof_l                 0045b261 f   libcmt:wcstoq.obj
 0002:0003c340       __wcstoi64                 0045b340 f   libcmt:wcstoq.obj
 0002:0003c374       __wcstoi64_l               0045b374 f   libcmt:wcstoq.obj
 0002:0003c395       __wcstoimax_l              0045b395 f   libcmt:wcstoq.obj
 0002:0003c3a0       __wcstold_l                0045b3a0 f   libcmt:wcstoq.obj
 0002:0003c3ab       __wcstoll_l                0045b3ab f   libcmt:wcstoq.obj
 0002:0003c3b6       __wcstoui64                0045b3b6 f   libcmt:wcstoq.obj
 0002:0003c3ea       __wcstoui64_l              0045b3ea f   libcmt:wcstoq.obj
 0002:0003c40b       __wcstoull_l               0045b40b f   libcmt:wcstoq.obj
 0002:0003c416       __wcstoumax_l              0045b416 f   libcmt:wcstoq.obj
 0002:0003c421       _wcstof                    0045b421 f   libcmt:wcstoq.obj
 0002:0003c43b       _wcstoimax                 0045b43b f   libcmt:wcstoq.obj
 0002:0003c446       _wcstold                   0045b446 f   libcmt:wcstoq.obj
[...]
 0004:00006070       ___security_cookie         00471070     libcmt:gs_cookie.obj
 0004:00006074       ___security_cookie_complement 00471074     libcmt:gs_cookie.obj
 0004:00006080       __NLG_Destination          00471080     libcmt:exsup.obj
 0004:00006098       ___badioinfo               00471098     libcmt:ioinit.obj
 0004:000060e8       __lookuptrailbytes         004710e8     libcmt:read.obj
 0004:00006338       __cfltcvt_tab              00471338     libcmt:cmiscdat.obj
 0004:00006368       ___isa_enabled             00471368     libcmt:cpu_disp.obj
 0004:00006370       __mbctype                  00471370     libcmt:mbctype.obj
 0004:00006478       __mbcasemap                00471478     libcmt:mbctype.obj
 0004:00006578       ___initialmbcinfo          00471578     libcmt:mbctype.obj
 0004:0000679c       ___ptmbcinfo               0047179c     libcmt:mbctype.obj
 0004:00006998       ___flsindex                00471998     libcmt:tidtable.obj
 0004:0000699c       ___mb_cur_max              0047199c     libcmt:nlsdata.obj
 0004:000069a0       ___wclocalestr             004719a0     libcmt:nlsdata.obj
 0004:000069a8       ___lc_time_c               004719a8     libcmt:nlsdata.obj
 0004:00006b54       ___ptlocinfo               00471b54     libcmt:nlsdata.obj
 0004:00006b58       ___initiallocinfo          00471b58     libcmt:nlsdata.obj
 0004:00006c34       ___initiallocalestructinfo 00471c34     libcmt:nlsdata.obj
 0004:00006c40       ___globallocalestatus      00471c40     libcmt:glstatus.obj
 0004:00006c48       ___nullstring              00471c48     libcmt:output.obj
 0004:00006c4c       ___wnullstring             00471c4c     libcmt:output.obj
 0004:00006dc0       __d_inf                    00471dc0     libcmt:util.obj
 0004:00006dc8       __d_ind                    00471dc8     libcmt:util.obj
 0004:00006dd0       __d_max                    00471dd0     libcmt:util.obj
 0004:00006dd8       __d_min                    00471dd8     libcmt:util.obj
 0004:00006de0       __d_mzero                  00471de0     libcmt:util.obj
 0004:00006e14       __matherr_flag             00471e14     libcmt:matherr.obj
 0004:00006e20       ___lconv                   00471e20     libcmt:lconv.obj
 0004:00006e24       ___lconv_static_decimal    00471e24     libcmt:lconv.obj
 0004:00006e28       ___lconv_c                 00471e28     libcmt:lconv.obj
 0004:00006e78       ___lconv_static_W_decimal  00471e78     libcmt:lconv.obj
 0004:00006e90       __pctype                   00471e90     libcmt:ctype.obj
 0004:00006e94       __pwctype                  00471e94     libcmt:ctype.obj
 0004:00006ee0       __pow10pos                 00471ee0     libcmt:constpow.obj
 0004:00007040       __pow10neg                 00472040     libcmt:constpow.obj
 0004:00007230       __confh                    00472230     libcmt:initcon.obj
 0004:00007240       __HUGE                     00472240     libcmt:huge.obj
 0004:00007e40       _main_man_calc_struct      00472e40     quickman.obj
 0004:00031180       _save_man_calc_struct      0049c180     quickman.obj
 0004:0006bc3c       ___fastflag                004d6c3c     libcmt:fpinit.obj
 0004:0006bc40       __aenvptr                  004d6c40     libcmt:wincrt0.obj
 0004:0006bc44       __wenvptr                  004d6c44     libcmt:wincrt0.obj
 0004:0006bc4c       ___pInvalidArgHandler      004d6c4c     libcmt:invarg.obj
 0004:0006bc50       __cflush                   004d6c50     libcmt:_file.obj
 0004:0006bc58       ___pioinfo                 004d6c58     libcmt:ioinit.obj
 0004:0006bd8c       __crtheap                  004d6d8c     libcmt:heapinit.obj
 0004:0006bd90       ?_pnhHeap@@3P6AHI@ZA       004d6d90     libcmt:handler.obj
 0004:0006bd94       __C_Exit_Done              004d6d94     libcmt:crt0dat.obj
 0004:0006bd98       ___argc                    004d6d98     libcmt:crt0dat.obj
 0004:0006bd9c       ___argv                    004d6d9c     libcmt:crt0dat.obj
 0004:0006bda0       ___wargv                   004d6da0     libcmt:crt0dat.obj
 0004:0006bda4       __environ                  004d6da4     libcmt:crt0dat.obj
 0004:0006bda8       __wenviron                 004d6da8     libcmt:crt0dat.obj
 0004:0006bdac       __pgmptr                   004d6dac     libcmt:crt0dat.obj
 0004:0006bdb0       __wpgmptr                  004d6db0     libcmt:crt0dat.obj
 0004:0006bdb4       __umaskval                 004d6db4     libcmt:crt0dat.obj
 0004:0006bdb8       __exitflag                 004d6db8     libcmt:crt0dat.obj
 0004:0006bdbc       __C_Termination_Done       004d6dbc     libcmt:crt0dat.obj
 0004:0006bdc0       ___winitenv                004d6dc0     libcmt:crt0dat.obj
 0004:0006bdc4       ___initenv                 004d6dc4     libcmt:crt0dat.obj
 0004:0006bdd8       ___app_type                004d6dd8     libcmt:crt0msg.obj
 0004:0006c544       __newmode                  004d7544     libcmt:_newmode.obj
 0004:0006c548       ___isa_available           004d7548     libcmt:cpu_disp.obj
 0004:0006c54c       ___favor                   004d754c     libcmt:cpu_disp.obj
 0004:0006c554       ___mbcodepage              004d7554     libcmt:mbctype.obj
 0004:0006c558       ___ismbcodepage            004d7558     libcmt:mbctype.obj
 0004:0006c55c       ___mbulinfo                004d755c     libcmt:mbctype.obj
 0004:0006c568       ___mblocalename            004d7568     libcmt:mbctype.obj
 0004:0006c578       ___locale_changed          004d7578     libcmt:wsetloca.obj
 0004:0006c57c       __stdbuf                   004d757c     libcmt:_sftbuf.obj
 0004:0006c6c4       ___error_mode              004d76c4     libcmt:errmode.obj
 0004:0006c874       __maxwait                  004d7874     libcmt:crtheap.obj
 0004:0006c878       __commode                  004d7878     libcmt:ncommode.obj
 0004:0006c87c       ?__pInconsistency@@3P6AXXZA 004d787c     libcmt:hooks.obj
 0004:0006c880       ___pPurecall               004d7880     libcmt:inithelp.obj
 0004:0006c8a4       __outputformat             004d78a4     libcmt:outputformat.obj
 0004:0006c8a8       ___lconv_static_null       004d78a8     libcmt:lconv.obj
 0004:0006c8ac       ___lconv_static_W_null     004d78ac     libcmt:lconv.obj
 0004:0006cc78       __fmode                    004d7c78     libcmt:txtmode.obj
 0004:0006cc7c       __pmatherr                 004d7c7c     <common>
 0004:0006cc88       __debugger_hook_dummy      004d7c88     <common>
 0004:0006cca0       _encodedKERNEL32Functions  004d7ca0     <common>
 0004:0006cd48       ___unguarded_readlc_active 004d7d48     <common>
 0004:0006cd58       ___setlc_active            004d7d58     <common>
 0004:0006cd5c       ___use_sse2_mathfcns       004d7d5c     <common>
 0004:0006cd68       ___dyn_tls_init_callback   004d7d68     <common>
 0004:0006cd78       ___onexitend               004d7d78     <common>
 0004:0006cd7c       ___onexitbegin             004d7d7c     <common>
 0004:0006cd80       ___mbctype_initialized     004d7d80     <common>
 0004:0006cd84       ___env_initialized         004d7d84     <common>
 0004:0006cd88       __nhandle                  004d7d88     <common>
 0004:0006cd94       __pDestructExceptionObject 004d7d94     <common>
 0004:0006cda0       __bufin                    004d7da0     <common>
 0004:0006e0dc       ___piob                    004d90dc     <common>
 0004:0006e0e0       __nstream                  004d90e0     <common>
 0004:0006e0e4       __setjmpexused             004d90e4     <common>
 0004:0006e0f0       __acmdln                   004d90f0     <common>
 0005:00000000       __imp__InitCommonControls@0 004da000     comctl32:COMCTL32.dll
 0005:00000004       \177COMCTL32_NULL_THUNK_DATA 004da004     comctl32:COMCTL32.dll
 0005:00000030       __imp__Rectangle@20        004da030     gdi32:GDI32.dll
 0005:00000034       __imp__SelectObject@8      004da034     gdi32:GDI32.dll
 0005:00000038       __imp__SetROP2@8           004da038     gdi32:GDI32.dll
 0005:0000003c       __imp__GetDeviceCaps@8     004da03c     gdi32:GDI32.dll
 0005:00000040       __imp__DeleteObject@4      004da040     gdi32:GDI32.dll
 0005:00000044       __imp__CreatePen@12        004da044     gdi32:GDI32.dll
 0005:00000048       __imp__CreateCompatibleDC@4 004da048     gdi32:GDI32.dll
 0005:0000004c       __imp__BitBlt@36           004da04c     gdi32:GDI32.dll
 0005:00000050       __imp__CreateDIBSection@24 004da050     gdi32:GDI32.dll
 0005:00000054       \177GDI32_NULL_THUNK_DATA  004da054     gdi32:GDI32.dll
 0005:00000084       __imp__WriteConsoleW@20    004da084     Kernel32:KERNEL32.dll
 0005:00000088       __imp__LCMapStringW@24     004da088     Kernel32:KERNEL32.dll
 0005:0000008c       __imp__CompareStringW@24   004da08c     Kernel32:KERNEL32.dll
 0005:00000090       __imp__GetTimeFormatW@24   004da090     Kernel32:KERNEL32.dll
 0005:00000094       __imp__GetDateFormatW@24   004da094     Kernel32:KERNEL32.dll
 0005:00000098       __imp__EnumSystemLocalesW@8 004da098     Kernel32:KERNEL32.dll
 0005:0000009c       __imp__GetUserDefaultLCID@0 004da09c     Kernel32:KERNEL32.dll
 0005:000000a0       __imp__IsValidLocale@8     004da0a0     Kernel32:KERNEL32.dll
 0005:000000a4       __imp__GetLocaleInfoW@16   004da0a4     Kernel32:KERNEL32.dll
 0005:000000a8       __imp__GetStringTypeW@16   004da0a8     Kernel32:KERNEL32.dll
 0005:000000ac       __imp__OutputDebugStringW@4 004da0ac     Kernel32:KERNEL32.dll
 0005:000000b0       __imp__LoadLibraryExW@12   004da0b0     Kernel32:KERNEL32.dll
 0005:000000b4       __imp__FreeLibrary@4       004da0b4     Kernel32:KERNEL32.dll
 0005:000000b8       __imp__SetStdHandle@8      004da0b8     Kernel32:KERNEL32.dll
 0005:000000bc       __imp__FatalAppExitA@8     004da0bc     Kernel32:KERNEL32.dll
 0005:000000c0       __imp__FlushFileBuffers@4  004da0c0     Kernel32:KERNEL32.dll
 0005:000000c4       __imp__GetConsoleCP@0      004da0c4     Kernel32:KERNEL32.dll
 0005:000000c8       __imp__SetConsoleCtrlHandler@8 004da0c8     Kernel32:KERNEL32.dll
 0005:000000cc       __imp__CreateSemaphoreW@16 004da0cc     Kernel32:KERNEL32.dll
 0005:000000d0       __imp__GetModuleHandleW@4  004da0d0     Kernel32:KERNEL32.dll
 0005:000000d4       __imp__GetSystemInfo@4     004da0d4     Kernel32:KERNEL32.dll
 0005:000000d8       __imp__TlsFree@4           004da0d8     Kernel32:KERNEL32.dll
 0005:000000dc       __imp__TlsSetValue@8       004da0dc     Kernel32:KERNEL32.dll
 0005:000000e0       __imp__TlsGetValue@4       004da0e0     Kernel32:KERNEL32.dll
 0005:000000e4       __imp__TlsAlloc@0          004da0e4     Kernel32:KERNEL32.dll
 0005:000000e8       __imp__TerminateProcess@8  004da0e8     Kernel32:KERNEL32.dll
 0005:000000ec       __imp__GetCurrentProcess@0 004da0ec     Kernel32:KERNEL32.dll
 0005:000000f0       __imp__CreateEventW@16     004da0f0     Kernel32:KERNEL32.dll
 0005:000000f4       __imp__InitializeCriticalSectionAndSpinCount@8 004da0f4     Kernel32:KERNEL32.dll
 0005:000000f8       __imp__SetUnhandledExceptionFilter@4 004da0f8     Kernel32:KERNEL32.dll
 0005:000000fc       __imp__UnhandledExceptionFilter@4 004da0fc     Kernel32:KERNEL32.dll
 0005:00000100       __imp__FreeEnvironmentStringsW@4 004da100     Kernel32:KERNEL32.dll
 0005:00000104       __imp__GetEnvironmentStringsW@0 004da104     Kernel32:KERNEL32.dll
 0005:00000108       __imp__GetSystemTimeAsFileTime@4 004da108     Kernel32:KERNEL32.dll
 0005:0000010c       __imp__GetCurrentProcessId@0 004da10c     Kernel32:KERNEL32.dll
 0005:00000110       __imp__QueryPerformanceCounter@4 004da110     Kernel32:KERNEL32.dll
 0005:00000114       __imp__GetModuleFileNameA@12 004da114     Kernel32:KERNEL32.dll
 0005:00000118       __imp__GetCurrentThreadId@0 004da118     Kernel32:KERNEL32.dll
 0005:0000011c       __imp__GetCurrentThread@0  004da11c     Kernel32:KERNEL32.dll
 0005:00000120       __imp__SetLastError@4      004da120     Kernel32:KERNEL32.dll
 0005:00000124       __imp__GetCPInfo@8         004da124     Kernel32:KERNEL32.dll
 0005:00000128       __imp__GetOEMCP@0          004da128     Kernel32:KERNEL32.dll
 0005:0000012c       __imp__GetACP@0            004da12c     Kernel32:KERNEL32.dll
 0005:00000130       __imp__IsValidCodePage@4   004da130     Kernel32:KERNEL32.dll
 0005:00000134       __imp__RaiseException@16   004da134     Kernel32:KERNEL32.dll
 0005:00000138       __imp__Sleep@4             004da138     Kernel32:KERNEL32.dll
 0005:0000013c       __imp__WaitForMultipleObjects@16 004da13c     Kernel32:KERNEL32.dll
 0005:00000140       __imp__QueueUserWorkItem@12 004da140     Kernel32:KERNEL32.dll
 0005:00000144       __imp__CreateEventA@16     004da144     Kernel32:KERNEL32.dll
 0005:00000148       __imp__SetEvent@4          004da148     Kernel32:KERNEL32.dll
 0005:0000014c       __imp__HeapReAlloc@16      004da14c     Kernel32:KERNEL32.dll
 0005:00000150       __imp__CreateFileW@28      004da150     Kernel32:KERNEL32.dll
 0005:00000154       __imp__HeapSize@12         004da154     Kernel32:KERNEL32.dll
 0005:00000158       __imp__GetTickCount@0      004da158     Kernel32:KERNEL32.dll
 0005:0000015c       __imp__RtlUnwind@16        004da15c     Kernel32:KERNEL32.dll
 0005:00000160       __imp__GetLastError@0      004da160     Kernel32:KERNEL32.dll
 0005:00000164       __imp__HeapFree@12         004da164     Kernel32:KERNEL32.dll
 0005:00000168       __imp__HeapAlloc@12        004da168     Kernel32:KERNEL32.dll
 0005:0000016c       __imp__GetCommandLineA@0   004da16c     Kernel32:KERNEL32.dll
 0005:00000170       __imp__IsProcessorFeaturePresent@4 004da170     Kernel32:KERNEL32.dll
 0005:00000174       __imp__SetEndOfFile@4      004da174     Kernel32:KERNEL32.dll
 0005:00000178       __imp__IsDebuggerPresent@0 004da178     Kernel32:KERNEL32.dll
 0005:0000017c       __imp__EncodePointer@4     004da17c     Kernel32:KERNEL32.dll
 0005:00000180       __imp__DecodePointer@4     004da180     Kernel32:KERNEL32.dll
 0005:00000184       __imp__EnterCriticalSection@4 004da184     Kernel32:KERNEL32.dll
 0005:00000188       __imp__LeaveCriticalSection@4 004da188     Kernel32:KERNEL32.dll
 0005:0000018c       __imp__CloseHandle@4       004da18c     Kernel32:KERNEL32.dll
 0005:00000190       __imp__GetStdHandle@4      004da190     Kernel32:KERNEL32.dll
 0005:00000194       __imp__GetFileType@4       004da194     Kernel32:KERNEL32.dll
 0005:00000198       __imp__DeleteCriticalSection@4 004da198     Kernel32:KERNEL32.dll
 0005:0000019c       __imp__GetStartupInfoW@4   004da19c     Kernel32:KERNEL32.dll
 0005:000001a0       __imp__ReadFile@20         004da1a0     Kernel32:KERNEL32.dll
 0005:000001a4       __imp__MultiByteToWideChar@24 004da1a4     Kernel32:KERNEL32.dll
 0005:000001a8       __imp__GetConsoleMode@8    004da1a8     Kernel32:KERNEL32.dll
 0005:000001ac       __imp__ReadConsoleW@20     004da1ac     Kernel32:KERNEL32.dll
 0005:000001b0       __imp__SetFilePointerEx@20 004da1b0     Kernel32:KERNEL32.dll
 0005:000001b4       __imp__GetProcessHeap@0    004da1b4     Kernel32:KERNEL32.dll
 0005:000001b8       __imp__ExitProcess@4       004da1b8     Kernel32:KERNEL32.dll
 0005:000001bc       __imp__GetModuleHandleExW@12 004da1bc     Kernel32:KERNEL32.dll
 0005:000001c0       __imp__GetProcAddress@8    004da1c0     Kernel32:KERNEL32.dll
 0005:000001c4       __imp__AreFileApisANSI@0   004da1c4     Kernel32:KERNEL32.dll
 0005:000001c8       __imp__WideCharToMultiByte@32 004da1c8     Kernel32:KERNEL32.dll
 0005:000001cc       __imp__WriteFile@20        004da1cc     Kernel32:KERNEL32.dll
 0005:000001d0       __imp__GetModuleFileNameW@12 004da1d0     Kernel32:KERNEL32.dll
 0005:000001d4       \177KERNEL32_NULL_THUNK_DATA 004da1d4     Kernel32:KERNEL32.dll
 0005:00000240       __imp__IsDialogMessageA@8  004da240     user32:USER32.dll
 0005:00000244       __imp__LoadIconA@8         004da244     user32:USER32.dll
 0005:00000248       __imp__LoadCursorA@8       004da248     user32:USER32.dll
 0005:0000024c       __imp__GetDesktopWindow@0  004da24c     user32:USER32.dll
 0005:00000250       __imp__SetWindowLongA@12   004da250     user32:USER32.dll
 0005:00000254       __imp__SetRect@20          004da254     user32:USER32.dll
 0005:00000258       __imp__ClientToScreen@8    004da258     user32:USER32.dll
 0005:0000025c       __imp__GetCursor@0         004da25c     user32:USER32.dll
 0005:00000260       __imp__ClipCursor@4        004da260     user32:USER32.dll
 0005:00000264       __imp__SetCursor@4         004da264     user32:USER32.dll
 0005:00000268       __imp__GetWindowRect@8     004da268     user32:USER32.dll
 0005:0000026c       __imp__GetClientRect@8     004da26c     user32:USER32.dll
 0005:00000270       __imp__SetWindowTextA@8    004da270     user32:USER32.dll
 0005:00000274       __imp__InvalidateRect@12   004da274     user32:USER32.dll
 0005:00000278       __imp__EndPaint@8          004da278     user32:USER32.dll
 0005:0000027c       __imp__BeginPaint@8        004da27c     user32:USER32.dll
 0005:00000280       __imp__ReleaseDC@8         004da280     user32:USER32.dll
 0005:00000284       __imp__GetDC@4             004da284     user32:USER32.dll
 0005:00000288       __imp__UpdateWindow@4      004da288     user32:USER32.dll
 0005:0000028c       __imp__GetSystemMetrics@4  004da28c     user32:USER32.dll
 0005:00000290       __imp__ReleaseCapture@0    004da290     user32:USER32.dll
 0005:00000294       __imp__SetCapture@4        004da294     user32:USER32.dll
 0005:00000298       __imp__GetAsyncKeyState@4  004da298     user32:USER32.dll
 0005:0000029c       __imp__GetFocus@0          004da29c     user32:USER32.dll
 0005:000002a0       __imp__SetFocus@4          004da2a0     user32:USER32.dll
 0005:000002a4       __imp__SendDlgItemMessageA@20 004da2a4     user32:USER32.dll
 0005:000002a8       __imp__IsDlgButtonChecked@8 004da2a8     user32:USER32.dll
 0005:000002ac       __imp__GetDlgItemTextA@16  004da2ac     user32:USER32.dll
 0005:000002b0       __imp__GetDlgItemInt@16    004da2b0     user32:USER32.dll
 0005:000002b4       __imp__SetDlgItemInt@16    004da2b4     user32:USER32.dll
 0005:000002b8       __imp__GetDlgItem@8        004da2b8     user32:USER32.dll
 0005:000002bc       __imp__CreateDialogParamA@20 004da2bc     user32:USER32.dll
 0005:000002c0       __imp__GetWindowPlacement@8 004da2c0     user32:USER32.dll
 0005:000002c4       __imp__SetWindowPos@28     004da2c4     user32:USER32.dll
 0005:000002c8       __imp__ShowWindow@8        004da2c8     user32:USER32.dll
 0005:000002cc       __imp__CreateWindowExA@48  004da2cc     user32:USER32.dll
 0005:000002d0       __imp__RegisterClassExA@4  004da2d0     user32:USER32.dll
 0005:000002d4       __imp__PostQuitMessage@4   004da2d4     user32:USER32.dll
 0005:000002d8       __imp__DefWindowProcA@16   004da2d8     user32:USER32.dll
 0005:000002dc       __imp__SendMessageA@16     004da2dc     user32:USER32.dll
 0005:000002e0       __imp__PeekMessageA@20     004da2e0     user32:USER32.dll
 0005:000002e4       __imp__DispatchMessageA@4  004da2e4     user32:USER32.dll
 0005:000002e8       __imp__TranslateMessage@4  004da2e8     user32:USER32.dll
 0005:000002ec       __imp__MessageBoxA@16      004da2ec     user32:USER32.dll
 0005:000002f0       \177USER32_NULL_THUNK_DATA 004da2f0     user32:USER32.dll
 0005:0000033c       __imp__timeEndPeriod@4     004da33c     winmm:WINMM.dll
 0005:00000340       __imp__timeBeginPeriod@4   004da340     winmm:WINMM.dll
 0005:00000344       __imp__timeGetTime@0       004da344     winmm:WINMM.dll
 0005:00000348       \177WINMM_NULL_THUNK_DATA  004da348     winmm:WINMM.dll
 0005:00000374       __IMPORT_DESCRIPTOR_WINMM  004da374     winmm:WINMM.dll
 0005:00000388       __IMPORT_DESCRIPTOR_COMCTL32 004da388     comctl32:COMCTL32.dll
 0005:0000039c       __IMPORT_DESCRIPTOR_KERNEL32 004da39c     Kernel32:KERNEL32.dll
 0005:000003b0       __IMPORT_DESCRIPTOR_USER32 004da3b0     user32:USER32.dll
 0005:000003c4       __IMPORT_DESCRIPTOR_GDI32  004da3c4     gdi32:GDI32.dll
 0005:000003d8       __NULL_IMPORT_DESCRIPTOR   004da3d8     winmm:WINMM.dll
